Archive member included because of file (symbol)

contiki-sky.a(contiki-sky-pla)
                              obj_sky/contiki-sky-main.o (init_platform)
contiki-sky.a(button-sensor.o)
                              energy.co (button_sensor)
contiki-sky.a(ds2411.o)       obj_sky/contiki-sky-main.o (ds2411_init)
contiki-sky.a(xmem.o)         obj_sky/contiki-sky-main.o (xmem_init)
contiki-sky.a(node-id.o)      obj_sky/contiki-sky-main.o (node_id_restore)
contiki-sky.a(sensors.o)      contiki-sky.a(button-sensor.o) (sensors_changed)
contiki-sky.a(cc2420.o)       obj_sky/contiki-sky-main.o (cc2420_set_pan_addr)
contiki-sky.a(cc2420-arch.o)  contiki-sky.a(cc2420.o) (cc2420_arch_init)
contiki-sky.a(uart1.o)        obj_sky/contiki-sky-main.o (uart1_active)
contiki-sky.a(slip_uart1.o)   obj_sky/contiki-sky-main.o (putchar)
contiki-sky.a(slip.o)         obj_sky/contiki-sky-main.o (slip_set_input_callback)
contiki-sky.a(msp430.o)       contiki-sky.a(uart1.o) (msp430_add_lpm_req)
contiki-sky.a(clock.o)        obj_sky/contiki-sky-main.o (clock_init)
contiki-sky.a(leds.o)         obj_sky/contiki-sky-main.o (leds_init)
contiki-sky.a(leds-arch.o)    contiki-sky.a(leds.o) (leds_arch_init)
contiki-sky.a(watchdog.o)     obj_sky/contiki-sky-main.o (watchdog_start)
contiki-sky.a(rtimer-arch.o)  obj_sky/contiki-sky-main.o (rtimer_arch_now)
contiki-sky.a(autostart.o)    obj_sky/contiki-sky-main.o (autostart_start)
contiki-sky.a(ctimer.o)       obj_sky/contiki-sky-main.o (ctimer_init)
contiki-sky.a(energest.o)     obj_sky/contiki-sky-main.o (energest_init)
contiki-sky.a(etimer.o)       contiki-sky.a(clock.o) (etimer_request_poll)
contiki-sky.a(process.o)      contiki-sky.a(ctimer.o) (process_current)
contiki-sky.a(rtimer.o)       obj_sky/contiki-sky-main.o (rtimer_init)
contiki-sky.a(timer.o)        obj_sky/contiki-sky-main.o (timer_set)
contiki-sky.a(list.o)         contiki-sky.a(ctimer.o) (list_init)
contiki-sky.a(random.o)       obj_sky/contiki-sky-main.o (random_init)
contiki-sky.a(uip-fw.o)       obj_sky/contiki-sky-main.o (uip_fw_default)
contiki-sky.a(uip-fw-drv.o)   obj_sky/contiki-sky-main.o (uip_fw_process)
contiki-sky.a(uip.o)          contiki-sky.a(slip.o) (uip_aligned_buf)
contiki-sky.a(uip-over-mesh.o)
                              obj_sky/contiki-sky-main.o (uip_over_mesh_init)
contiki-sky.a(tcpip.o)        contiki-sky.a(uip-fw-drv.o) (tcpip_set_outputfunc)
contiki-sky.a(rime.o)         obj_sky/contiki-sky-main.o (rime_driver)
contiki-sky.a(broadcast-annou)
                              contiki-sky.a(rime.o) (broadcast_announcement_init)
contiki-sky.a(trickle.o)      contiki-sky.a(uip-over-mesh.o) (trickle_open)
contiki-sky.a(broadcast.o)    contiki-sky.a(broadcast-annou) (broadcast_open)
contiki-sky.a(route-discovery)
                              contiki-sky.a(uip-over-mesh.o) (route_discovery_open)
contiki-sky.a(route.o)        contiki-sky.a(uip-over-mesh.o) (route_init)
contiki-sky.a(chameleon.o)    contiki-sky.a(rime.o) (chameleon_init)
contiki-sky.a(channel.o)      contiki-sky.a(chameleon.o) (channel_init)
contiki-sky.a(unicast.o)      contiki-sky.a(uip-over-mesh.o) (unicast_open)
contiki-sky.a(abc.o)          contiki-sky.a(broadcast.o) (abc_open)
contiki-sky.a(netflood.o)     contiki-sky.a(route-discovery) (netflood_open)
contiki-sky.a(announcement.o)
                              contiki-sky.a(rime.o) (announcement_init)
contiki-sky.a(csma.o)         obj_sky/contiki-sky-main.o (csma_driver)
contiki-sky.a(queuebuf.o)     contiki-sky.a(rime.o) (queuebuf_init)
contiki-sky.a(packetbuf.o)    contiki-sky.a(rime.o) (packetbuf_compact)
contiki-sky.a(linkaddr.o)     obj_sky/contiki-sky-main.o (linkaddr_copy)
contiki-sky.a(contikimac.o)   obj_sky/contiki-sky-main.o (contikimac_driver)
contiki-sky.a(contikimac-fram)
                              contiki-sky.a(contikimac.o) (contikimac_framer)
contiki-sky.a(nullsec.o)      obj_sky/contiki-sky-main.o (nullsec_driver)
contiki-sky.a(spi.o)          contiki-sky.a(xmem.o) (spi_init)
contiki-sky.a(uip-ipchksum.o)
                              contiki-sky.a(slip.o) (uip_ipchksum)
contiki-sky.a(compower.o)     contiki-sky.a(contikimac.o) (compower_idle_activity)
contiki-sky.a(memb.o)         contiki-sky.a(route.o) (memb_init)
contiki-sky.a(chameleon-bitop)
                              contiki-sky.a(chameleon.o) (chameleon_bitopt)
contiki-sky.a(ipolite.o)      contiki-sky.a(netflood.o) (ipolite_open)
contiki-sky.a(mac-sequence.o)
                              contiki-sky.a(contikimac.o) (mac_sequence_is_duplicate)
contiki-sky.a(framer-802154.o)
                              contiki-sky.a(contikimac-fram) (framer_802154)
contiki-sky.a(frame802154.o)  contiki-sky.a(framer-802154.o) (frame802154_hdrlen)
contiki-sky.a(mac.o)          contiki-sky.a(csma.o) (mac_call_sent_callback)
contiki-sky.a(framer.o)       contiki-sky.a(framer-802154.o) (framer_canonical_create_and_secure)
/home/tkn/.local/contiki-src/mspgcc-4.7.3/bin/../lib/gcc/msp430/4.7.3/mmpy-16/libgcc.a(_mulsi3.o)
[...]
Memory Configuration

Name             Origin             Length             Attributes
sfr              0x0000000000000000 0x0000000000000010
peripheral_8bit  0x0000000000000010 0x00000000000000f0
peripheral_16bit 0x0000000000000100 0x0000000000000100
ram_mirror       0x0000000000000200 0x0000000000000800 xw
infomem          0x0000000000001000 0x0000000000000100
infob            0x0000000000001000 0x0000000000000080
infoa            0x0000000000001080 0x0000000000000080
ram              0x0000000000001100 0x0000000000002800 xw
rom              0x0000000000004000 0x000000000000bfe0 xr
vectors          0x000000000000ffe0 0x0000000000000020
bsl              0x0000000000000000 0x0000000000000000
infoc            0x0000000000000000 0x0000000000000000
infod            0x0000000000000000 0x0000000000000000
ram2             0x0000000000000000 0x0000000000000000 xw
usbram           0x0000000000000000 0x0000000000000000 xw
far_rom          0x0000000000000000 0x0000000000000000
*default*        0x0000000000000000 0xffffffffffffffff

Linker script and memory map

LOAD /home/tkn/.local/contiki-src/mspgcc-4.7.3/bin/../lib/gcc/msp430/4.7.3/mmpy-16/crt0ivtbl16.o
LOAD energy.co
LOAD obj_sky/contiki-sky-main.o
LOAD contiki-sky.a
LOAD /home/tkn/.local/contiki-src/mspgcc-4.7.3/bin/../lib/gcc/msp430/4.7.3/mmpy-16/libgcc.a
LOAD /home/tkn/.local/contiki-src/mspgcc-4.7.3/bin/../lib/gcc/msp430/4.7.3/../../../../msp430/lib/mmpy-16/libc.a
LOAD /home/tkn/.local/contiki-src/mspgcc-4.7.3/bin/../lib/gcc/msp430/4.7.3/mmpy-16/libgcc.a
LOAD /home/tkn/.local/contiki-src/mspgcc-4.7.3/bin/../lib/gcc/msp430/4.7.3/mmpy-16/libcrt0.a
                0x0000000000000080                PROVIDE (__info_segment_size, 0x80)
                0x0000000000001000                PROVIDE (__infob, 0x1000)
                0x0000000000001080                PROVIDE (__infoa, 0x1080)
                0x0000000000000000                __IE1 = 0x0
                0x0000000000000002                __IFG1 = 0x2
                0x0000000000000004                __ME1 = 0x4
                0x0000000000000001                __IE2 = 0x1
                0x0000000000000003                __IFG2 = 0x3
                0x0000000000000005                __ME2 = 0x5
                0x0000000000000120                __WDTCTL = 0x120
                0x0000000000000130                __MPY = 0x130
                0x0000000000000132                __MPYS = 0x132
                0x0000000000000134                __MAC = 0x134
                0x0000000000000136                __MACS = 0x136
                0x0000000000000138                __OP2 = 0x138
                0x000000000000013a                __RESLO = 0x13a
                0x000000000000013c                __RESHI = 0x13c
                0x000000000000013e                __SUMEXT = 0x13e
                0x0000000000000020                __P1IN = 0x20
                0x0000000000000021                __P1OUT = 0x21
                0x0000000000000022                __P1DIR = 0x22
                0x0000000000000023                __P1IFG = 0x23
                0x0000000000000024                __P1IES = 0x24
                0x0000000000000025                __P1IE = 0x25
                0x0000000000000026                __P1SEL = 0x26
                0x0000000000000028                __P2IN = 0x28
                0x0000000000000029                __P2OUT = 0x29
                0x000000000000002a                __P2DIR = 0x2a
                0x000000000000002b                __P2IFG = 0x2b
                0x000000000000002c                __P2IES = 0x2c
                0x000000000000002d                __P2IE = 0x2d
                0x000000000000002e                __P2SEL = 0x2e
                0x0000000000000018                __P3IN = 0x18
                0x0000000000000019                __P3OUT = 0x19
                0x000000000000001a                __P3DIR = 0x1a
                0x000000000000001b                __P3SEL = 0x1b
                0x000000000000001c                __P4IN = 0x1c
                0x000000000000001d                __P4OUT = 0x1d
                0x000000000000001e                __P4DIR = 0x1e
                0x000000000000001f                __P4SEL = 0x1f
                0x0000000000000030                __P5IN = 0x30
                0x0000000000000031                __P5OUT = 0x31
                0x0000000000000032                __P5DIR = 0x32
                0x0000000000000033                __P5SEL = 0x33
                0x0000000000000034                __P6IN = 0x34
                0x0000000000000035                __P6OUT = 0x35
                0x0000000000000036                __P6DIR = 0x36
                0x0000000000000037                __P6SEL = 0x37
                0x0000000000000070                __U0CTL = 0x70
                0x0000000000000071                __U0TCTL = 0x71
                0x0000000000000072                __U0RCTL = 0x72
                0x0000000000000073                __U0MCTL = 0x73
                0x0000000000000074                __U0BR0 = 0x74
                0x0000000000000075                __U0BR1 = 0x75
                0x0000000000000076                __U0RXBUF = 0x76
                0x0000000000000077                __U0TXBUF = 0x77
                0x0000000000000078                __U1CTL = 0x78
                0x0000000000000079                __U1TCTL = 0x79
                0x000000000000007a                __U1RCTL = 0x7a
                0x000000000000007b                __U1MCTL = 0x7b
                0x000000000000007c                __U1BR0 = 0x7c
                0x000000000000007d                __U1BR1 = 0x7d
                0x000000000000007e                __U1RXBUF = 0x7e
                0x000000000000007f                __U1TXBUF = 0x7f
                0x0000000000000050                __I2CIE = 0x50
                0x0000000000000051                __I2CIFG = 0x51
                0x0000000000000052                __I2CNDAT = 0x52
                0x0000000000000071                __I2CTCTL = 0x71
                0x0000000000000072                __I2CDCTL = 0x72
                0x0000000000000073                __I2CPSC = 0x73
                0x0000000000000074                __I2CSCLH = 0x74
                0x0000000000000075                __I2CSCLL = 0x75
                0x0000000000000076                __I2CDRB = 0x76
                0x0000000000000076                __I2CDRW = 0x76
                0x0000000000000118                __I2COA = 0x118
                0x000000000000011a                __I2CSA = 0x11a
                0x000000000000011c                __I2CIV = 0x11c
                0x000000000000012e                __TAIV = 0x12e
                0x0000000000000160                __TACTL = 0x160
                0x0000000000000162                __TACCTL0 = 0x162
                0x0000000000000164                __TACCTL1 = 0x164
                0x0000000000000166                __TACCTL2 = 0x166
                0x0000000000000170                __TAR = 0x170
                0x0000000000000172                __TACCR0 = 0x172
                0x0000000000000174                __TACCR1 = 0x174
                0x0000000000000176                __TACCR2 = 0x176
                0x000000000000011e                __TBIV = 0x11e
                0x0000000000000180                __TBCTL = 0x180
                0x0000000000000182                __TBCCTL0 = 0x182
                0x0000000000000184                __TBCCTL1 = 0x184
                0x0000000000000186                __TBCCTL2 = 0x186
                0x0000000000000188                __TBCCTL3 = 0x188
                0x000000000000018a                __TBCCTL4 = 0x18a
                0x000000000000018c                __TBCCTL5 = 0x18c
                0x000000000000018e                __TBCCTL6 = 0x18e
                0x0000000000000190                __TBR = 0x190
                0x0000000000000192                __TBCCR0 = 0x192
                0x0000000000000194                __TBCCR1 = 0x194
                0x0000000000000196                __TBCCR2 = 0x196
                0x0000000000000198                __TBCCR3 = 0x198
                0x000000000000019a                __TBCCR4 = 0x19a
                0x000000000000019c                __TBCCR5 = 0x19c
                0x000000000000019e                __TBCCR6 = 0x19e
                0x0000000000000056                __DCOCTL = 0x56
                0x0000000000000057                __BCSCTL1 = 0x57
                0x0000000000000058                __BCSCTL2 = 0x58
                0x0000000000000055                __SVSCTL = 0x55
                0x0000000000000128                __FCTL1 = 0x128
                0x000000000000012a                __FCTL2 = 0x12a
                0x000000000000012c                __FCTL3 = 0x12c
                0x0000000000000059                __CACTL1 = 0x59
                0x000000000000005a                __CACTL2 = 0x5a
                0x000000000000005b                __CAPD = 0x5b
                0x00000000000001a0                __ADC12CTL0 = 0x1a0
                0x00000000000001a2                __ADC12CTL1 = 0x1a2
                0x00000000000001a4                __ADC12IFG = 0x1a4
                0x00000000000001a6                __ADC12IE = 0x1a6
                0x00000000000001a8                __ADC12IV = 0x1a8
                0x0000000000000140                __ADC12MEM0 = 0x140
                0x0000000000000142                __ADC12MEM1 = 0x142
                0x0000000000000144                __ADC12MEM2 = 0x144
                0x0000000000000146                __ADC12MEM3 = 0x146
                0x0000000000000148                __ADC12MEM4 = 0x148
                0x000000000000014a                __ADC12MEM5 = 0x14a
                0x000000000000014c                __ADC12MEM6 = 0x14c
                0x000000000000014e                __ADC12MEM7 = 0x14e
                0x0000000000000150                __ADC12MEM8 = 0x150
                0x0000000000000152                __ADC12MEM9 = 0x152
                0x0000000000000154                __ADC12MEM10 = 0x154
                0x0000000000000156                __ADC12MEM11 = 0x156
                0x0000000000000158                __ADC12MEM12 = 0x158
                0x000000000000015a                __ADC12MEM13 = 0x15a
                0x000000000000015c                __ADC12MEM14 = 0x15c
                0x000000000000015e                __ADC12MEM15 = 0x15e
                0x0000000000000080                __ADC12MCTL0 = 0x80
                0x0000000000000081                __ADC12MCTL1 = 0x81
                0x0000000000000082                __ADC12MCTL2 = 0x82
                0x0000000000000083                __ADC12MCTL3 = 0x83
                0x0000000000000084                __ADC12MCTL4 = 0x84
                0x0000000000000085                __ADC12MCTL5 = 0x85
                0x0000000000000086                __ADC12MCTL6 = 0x86
                0x0000000000000087                __ADC12MCTL7 = 0x87
                0x0000000000000088                __ADC12MCTL8 = 0x88
                0x0000000000000089                __ADC12MCTL9 = 0x89
                0x000000000000008a                __ADC12MCTL10 = 0x8a
                0x000000000000008b                __ADC12MCTL11 = 0x8b
                0x000000000000008c                __ADC12MCTL12 = 0x8c
                0x000000000000008d                __ADC12MCTL13 = 0x8d
                0x000000000000008e                __ADC12MCTL14 = 0x8e
                0x000000000000008f                __ADC12MCTL15 = 0x8f
                0x00000000000001c0                __DAC12_0CTL = 0x1c0
                0x00000000000001c2                __DAC12_1CTL = 0x1c2
                0x00000000000001c8                __DAC12_0DAT = 0x1c8
                0x00000000000001ca                __DAC12_1DAT = 0x1ca
                0x0000000000000122                __DMACTL0 = 0x122
                0x0000000000000124                __DMACTL1 = 0x124
                0x00000000000001e0                __DMA0CTL = 0x1e0
                0x00000000000001e8                __DMA1CTL = 0x1e8
                0x00000000000001f0                __DMA2CTL = 0x1f0
                0x00000000000001e2                __DMA0SA = 0x1e2
                0x00000000000001e4                __DMA0DA = 0x1e4
                0x00000000000001e6                __DMA0SZ = 0x1e6
                0x00000000000001ea                __DMA1SA = 0x1ea
                0x00000000000001ec                __DMA1DA = 0x1ec
                0x00000000000001ee                __DMA1SZ = 0x1ee
                0x00000000000001f2                __DMA2SA = 0x1f2
                0x00000000000001f4                __DMA2DA = 0x1f4
                0x00000000000001f6                __DMA2SZ = 0x1f6

.hash
 *(.hash)

.dynsym
 *(.dynsym)

.dynstr
 *(.dynstr)

.gnu.version
 *(.gnu.version)

.gnu.version_d
 *(.gnu.version_d)

.gnu.version_r
 *(.gnu.version_r)

.rel.init
 *(.rel.init)

.rela.init
 *(.rela.init)

.rel.fini
 *(.rel.fini)

.rela.fini
 *(.rela.fini)

.rel.text
 *(.rel.text .rel.text.* .rel.gnu.linkonce.t.*)

.rela.text
 *(.rela.text .rela.text.* .rela.gnu.linkonce.t.*)

.rel.rodata
 *(.rel.rodata .rel.rodata.* .rel.gnu.linkonce.r.*)

.rela.rodata
 *(.rela.rodata .rela.rodata.* .rela.gnu.linkonce.r.*)

.rel.data
 *(.rel.data .rel.data.* .rel.gnu.linkonce.d.*)

.rela.data
 *(.rela.data .rela.data.* .rela.gnu.linkonce.d.*)

.rel.bss
 *(.rel.bss .rel.bss.* .rel.gnu.linkonce.b.*)

.rela.bss
 *(.rela.bss .rela.bss.* .rela.gnu.linkonce.b.*)

.rel.ctors
 *(.rel.ctors)

.rela.ctors
 *(.rela.ctors)

.rel.dtors
 *(.rel.dtors)

.rela.dtors
 *(.rela.dtors)

.rel.got
 *(.rel.got)

.rela.got
 *(.rela.got)

.rel.plt
 *(.rel.plt)

.rela.plt
 *(.rela.plt)

.text           0x0000000000004000     0x78ba
                0x0000000000004000                . = ALIGN (0x2)
 *(.init .init.*)
 *(.init0)
 .init0         0x0000000000004000        0x0 /home/tkn/.local/contiki-src/mspgcc-4.7.3/bin/../lib/gcc/msp430/4.7.3/mmpy-16/libcrt0.a(_reset_vector__.o)
                0x0000000000004000                _reset_vector__
 *(.init1)
 .init1         0x0000000000004000        0xc /home/tkn/.local/contiki-src/mspgcc-4.7.3/bin/../lib/gcc/msp430/4.7.3/mmpy-16/libcrt0.a(__watchdog_support.o)
                0x0000000000004000                __watchdog_support
 *(.init2)
 .init2         0x000000000000400c        0x4 /home/tkn/.local/contiki-src/mspgcc-4.7.3/bin/../lib/gcc/msp430/4.7.3/mmpy-16/libcrt0.a(__init_stack.o)
                0x000000000000400c                __init_stack
 *(.init3)
 .init3         0x0000000000004010        0x0 /home/tkn/.local/contiki-src/mspgcc-4.7.3/bin/../lib/gcc/msp430/4.7.3/mmpy-16/libcrt0.a(__low_level_init.o)
                0x0000000000004010                __low_level_init
 *(.init4)
 .init4         0x0000000000004010       0x18 /home/tkn/.local/contiki-src/mspgcc-4.7.3/bin/../lib/gcc/msp430/4.7.3/mmpy-16/libcrt0.a(_copy_data.o)
                0x0000000000004010                __do_copy_data
 .init4         0x0000000000004028       0x16 /home/tkn/.local/contiki-src/mspgcc-4.7.3/bin/../lib/gcc/msp430/4.7.3/mmpy-16/libcrt0.a(_clear_bss.o)
                0x0000000000004028                __do_clear_bss
 *(.init5)
 *(.init6)
 *(.init7)
 *(.init8)
 *(.init9)
 .init9         0x000000000000403e      0x386 obj_sky/contiki-sky-main.o
                0x000000000000403e                main
 *(.fini9)
 .fini9         0x00000000000043c4        0x0 /home/tkn/.local/contiki-src/mspgcc-4.7.3/bin/../lib/gcc/msp430/4.7.3/mmpy-16/libcrt0.a(__stop_progExec__.o)
                0x00000000000043c4                __stop_progExec__
 *(.fini8)
 *(.fini7)
 *(.fini6)
 *(.fini5)
 *(.fini4)
 *(.fini3)
 *(.fini2)
 *(.fini1)
 *(.fini0)
 .fini0         0x00000000000043c4        0x6 /home/tkn/.local/contiki-src/mspgcc-4.7.3/bin/../lib/gcc/msp430/4.7.3/mmpy-16/libcrt0.a(_endless_loop__.o)
                0x00000000000043c4                _endless_loop__
 *(.fini .fini.*)
                0x00000000000043ca                . = ALIGN (0x2)
                0x00000000000043ca                __ctors_start = .
 *(.ctors)
                0x00000000000043ca                __ctors_end = .
                0x00000000000043ca                __dtors_start = .
 *(.dtors)
                0x00000000000043ca                __dtors_end = .
                0x00000000000043ca                . = ALIGN (0x2)
 *(.text .text.* .gnu.linkonce.t.*)
 .text          0x00000000000043ca        0x4 /home/tkn/.local/contiki-src/mspgcc-4.7.3/bin/../lib/gcc/msp430/4.7.3/mmpy-16/crt0ivtbl16.o
                0x00000000000043ca                __isr_14
                0x00000000000043ca                __isr_11
                0x00000000000043ca                __isr_2
                0x00000000000043ca                __isr_7
                0x00000000000043ca                __isr_0
                0x00000000000043ca                __isr_8
                0x00000000000043ca                __isr_3
                0x00000000000043ca                __isr_12
                0x00000000000043ca                __isr_13
                0x00000000000043ca                __isr_9
 .text.process_thread_btn_pt
                0x00000000000043ce       0x20 energy.co
 .text.process_thread_energy_pt
                0x00000000000043ee       0x24 energy.co
 .text.process_thread_led_pt
                0x0000000000004412       0xec energy.co
 .text.set_gateway
                0x00000000000044fe       0x5a obj_sky/contiki-sky-main.o
 .text.start_network_layer
                0x0000000000004558       0x3c obj_sky/contiki-sky-main.o
 .text.init_platform
                0x0000000000004594        0xc contiki-sky.a(contiki-sky-pla)
                0x0000000000004594                init_platform
 .text.status   0x00000000000045a0       0x18 contiki-sky.a(button-sensor.o)
 .text.value    0x00000000000045b8       0x20 contiki-sky.a(button-sensor.o)
 .text.configure
                0x00000000000045d8       0x4c contiki-sky.a(button-sensor.o)
 .text.irq_p2   0x0000000000004624       0x88 contiki-sky.a(button-sensor.o)
                0x0000000000004624                irq_p2
                0x0000000000004624                __isr_1
 .text.owreadb  0x00000000000046ac       0x50 contiki-sky.a(ds2411.o)
 .text.ds2411_init
                0x00000000000046fc      0x120 contiki-sky.a(ds2411.o)
                0x00000000000046fc                ds2411_init
 .text.wait_ready
                0x000000000000481c       0x4a contiki-sky.a(xmem.o)
 .text.xmem_init
                0x0000000000004866       0x3c contiki-sky.a(xmem.o)
                0x0000000000004866                xmem_init
 .text.xmem_pread
                0x00000000000048a2       0xda contiki-sky.a(xmem.o)
                0x00000000000048a2                xmem_pread
 .text.node_id_restore
                0x000000000000497c       0x38 contiki-sky.a(node-id.o)
                0x000000000000497c                node_id_restore
 .text.process_thread_sensors_process
                0x00000000000049b4       0xc2 contiki-sky.a(sensors.o)
 .text.sensors_changed
                0x0000000000004a76       0x2a contiki-sky.a(sensors.o)
                0x0000000000004a76                sensors_changed
 .text.get_object
                0x0000000000004aa0        0x4 contiki-sky.a(cc2420.o)
 .text.set_object
                0x0000000000004aa4        0x4 contiki-sky.a(cc2420.o)
 .text.strobe   0x0000000000004aa8       0x1c contiki-sky.a(cc2420.o)
 .text.getreg   0x0000000000004ac4       0x4c contiki-sky.a(cc2420.o)
 .text.setreg   0x0000000000004b10       0x4c contiki-sky.a(cc2420.o)
 .text.write_ram
                0x0000000000004b5c       0x7c contiki-sky.a(cc2420.o)
 .text.write_fifo_buf
                0x0000000000004bd8       0x3c contiki-sky.a(cc2420.o)
 .text.get_status
                0x0000000000004c14       0x20 contiki-sky.a(cc2420.o)
 .text.set_txpower
                0x0000000000004c34       0x24 contiki-sky.a(cc2420.o)
 .text.cc2420_receiving_packet
                0x0000000000004c58        0xc contiki-sky.a(cc2420.o)
 .text.pending_packet
                0x0000000000004c64        0x8 contiki-sky.a(cc2420.o)
 .text.on       0x0000000000004c6c       0x1e contiki-sky.a(cc2420.o)
 .text.wait_for_transmission
                0x0000000000004c8a       0x22 contiki-sky.a(cc2420.o)
 .text.wait_for_status
                0x0000000000004cac       0x28 contiki-sky.a(cc2420.o)
 .text.getrxdata
                0x0000000000004cd4       0x50 contiki-sky.a(cc2420.o)
 .text.flushrx  0x0000000000004d24       0x1a contiki-sky.a(cc2420.o)
 .text.off      0x0000000000004d3e       0x56 contiki-sky.a(cc2420.o)
 .text.RELEASE_LOCK
                0x0000000000004d94       0x28 contiki-sky.a(cc2420.o)
 .text.set_key  0x0000000000004dbc       0x18 contiki-sky.a(cc2420.o)
 .text.cc2420_prepare
                0x0000000000004dd4       0x3c contiki-sky.a(cc2420.o)
 .text.cc2420_on
                0x0000000000004e10       0x22 contiki-sky.a(cc2420.o)
                0x0000000000004e10                cc2420_on
 .text.cc2420_off
                0x0000000000004e32       0x30 contiki-sky.a(cc2420.o)
                0x0000000000004e32                cc2420_off
 .text.cc2420_cca
                0x0000000000004e62       0x68 contiki-sky.a(cc2420.o)
 .text.cc2420_read
                0x0000000000004eca       0xac contiki-sky.a(cc2420.o)
 .text.process_thread_cc2420_process
                0x0000000000004f76       0x54 contiki-sky.a(cc2420.o)
 .text.encrypt  0x0000000000004fca       0x88 contiki-sky.a(cc2420.o)
 .text.cc2420_set_channel
                0x0000000000005052       0x3c contiki-sky.a(cc2420.o)
                0x0000000000005052                cc2420_set_channel
 .text.cc2420_set_pan_addr
                0x000000000000508e       0x4c contiki-sky.a(cc2420.o)
                0x000000000000508e                cc2420_set_pan_addr
 .text.cc2420_interrupt
                0x00000000000050da       0x16 contiki-sky.a(cc2420.o)
                0x00000000000050da                cc2420_interrupt
 .text.cc2420_set_txpower
                0x00000000000050f0        0xe contiki-sky.a(cc2420.o)
                0x00000000000050f0                cc2420_set_txpower
 .text.cc2420_get_txpower
                0x00000000000050fe       0x1e contiki-sky.a(cc2420.o)
                0x00000000000050fe                cc2420_get_txpower
 .text.cc2420_transmit
                0x000000000000511c      0x12c contiki-sky.a(cc2420.o)
 .text.cc2420_send
                0x0000000000005248       0x12 contiki-sky.a(cc2420.o)
 .text.cc2420_rssi
                0x000000000000525a       0x4c contiki-sky.a(cc2420.o)
                0x000000000000525a                cc2420_rssi
 .text.get_value
                0x00000000000052a6       0xa8 contiki-sky.a(cc2420.o)
 .text.cc2420_set_cca_threshold
                0x000000000000534e       0x16 contiki-sky.a(cc2420.o)
                0x000000000000534e                cc2420_set_cca_threshold
 .text.set_value
                0x0000000000005364       0x86 contiki-sky.a(cc2420.o)
 .text.cc2420_init
                0x00000000000053ea       0xd8 contiki-sky.a(cc2420.o)
                0x00000000000053ea                cc2420_init
 .text.cc2420_port1_interrupt
                0x00000000000054c2       0x62 contiki-sky.a(cc2420-arch.o)
                0x00000000000054c2                __isr_4
                0x00000000000054c2                cc2420_port1_interrupt
 .text.cc2420_arch_init
                0x0000000000005524       0x1a contiki-sky.a(cc2420-arch.o)
                0x0000000000005524                cc2420_arch_init
 .text.handle_rxdma_timer
                0x000000000000553e       0x3a contiki-sky.a(uart1.o)
 .text.uart1_active
                0x0000000000005578       0x18 contiki-sky.a(uart1.o)
                0x0000000000005578                uart1_active
 .text.uart1_set_input
                0x0000000000005590       0x20 contiki-sky.a(uart1.o)
                0x0000000000005590                uart1_set_input
 .text.uart1_writeb
                0x00000000000055b0       0x18 contiki-sky.a(uart1.o)
                0x00000000000055b0                uart1_writeb
 .text.uart1_init
                0x00000000000055c8       0xf4 contiki-sky.a(uart1.o)
                0x00000000000055c8                uart1_init
 .text.slip_arch_writeb
                0x00000000000056bc        0x6 contiki-sky.a(slip_uart1.o)
                0x00000000000056bc                slip_arch_writeb
 .text.putchar  0x00000000000056c2       0x3c contiki-sky.a(slip_uart1.o)
                0x00000000000056c2                putchar
 .text.slip_arch_init
                0x00000000000056fe        0xa contiki-sky.a(slip_uart1.o)
                0x00000000000056fe                slip_arch_init
 .text.slip_set_input_callback
                0x0000000000005708        0x6 contiki-sky.a(slip.o)
                0x0000000000005708                slip_set_input_callback
 .text.slip_send
                0x000000000000570e       0x5e contiki-sky.a(slip.o)
                0x000000000000570e                slip_send
 .text.slip_write
                0x000000000000576c       0x5a contiki-sky.a(slip.o)
                0x000000000000576c                slip_write
 .text.process_thread_slip_process
                0x00000000000057c6      0x1fc contiki-sky.a(slip.o)
 .text.slip_input_byte
                0x00000000000059c2       0xbc contiki-sky.a(slip.o)
                0x00000000000059c2                slip_input_byte
 .text.msp430_init_dco
                0x0000000000005a7e       0x82 contiki-sky.a(msp430.o)
                0x0000000000005a7e                msp430_init_dco
 .text.msp430_add_lpm_req
                0x0000000000005b00        0xc contiki-sky.a(msp430.o)
                0x0000000000005b00                msp430_add_lpm_req
 .text.msp430_cpu_init
                0x0000000000005b0c       0x2a contiki-sky.a(msp430.o)
                0x0000000000005b0c                msp430_cpu_init
 .text.splhigh_
                0x0000000000005b36        0x8 contiki-sky.a(msp430.o)
                0x0000000000005b36                splhigh_
 .text.msp430_sync_dco
                0x0000000000005b3e       0x6c contiki-sky.a(msp430.o)
                0x0000000000005b3e                msp430_sync_dco
 .text.timera1  0x0000000000005baa      0x11e contiki-sky.a(clock.o)
                0x0000000000005baa                __isr_5
                0x0000000000005baa                timera1
 .text.clock_time
                0x0000000000005cc8       0x1a contiki-sky.a(clock.o)
                0x0000000000005cc8                clock_time
 .text.clock_init
                0x0000000000005ce2       0x28 contiki-sky.a(clock.o)
                0x0000000000005ce2                clock_init
 .text.clock_delay
                0x0000000000005d0a        0xc contiki-sky.a(clock.o)
                0x0000000000005d0a                clock_delay
 .text.show_leds
                0x0000000000005d16       0xf0 contiki-sky.a(leds.o)
 .text.leds_init
                0x0000000000005e06        0xa contiki-sky.a(leds.o)
                0x0000000000005e06                leds_init
 .text.leds_on  0x0000000000005e10        0xa contiki-sky.a(leds.o)
                0x0000000000005e10                leds_on
 .text.leds_off
                0x0000000000005e1a        0xe contiki-sky.a(leds.o)
                0x0000000000005e1a                leds_off
 .text.leds_toggle
                0x0000000000005e28        0xa contiki-sky.a(leds.o)
                0x0000000000005e28                leds_toggle
 .text.leds_arch_init
                0x0000000000005e32        0xe contiki-sky.a(leds-arch.o)
                0x0000000000005e32                leds_arch_init
 .text.leds_arch_set
                0x0000000000005e40       0x38 contiki-sky.a(leds-arch.o)
                0x0000000000005e40                leds_arch_set
 .text.watchdog_interrupt
                0x0000000000005e78        0x6 contiki-sky.a(watchdog.o)
                0x0000000000005e78                __isr_10
                0x0000000000005e78                watchdog_interrupt
 .text.watchdog_start
                0x0000000000005e7e       0x14 contiki-sky.a(watchdog.o)
                0x0000000000005e7e                watchdog_start
 .text.watchdog_periodic
                0x0000000000005e92       0x12 contiki-sky.a(watchdog.o)
                0x0000000000005e92                watchdog_periodic
 .text.watchdog_stop
                0x0000000000005ea4       0x16 contiki-sky.a(watchdog.o)
                0x0000000000005ea4                watchdog_stop
 .text.watchdog_init
                0x0000000000005eba       0x12 contiki-sky.a(watchdog.o)
                0x0000000000005eba                watchdog_init
 .text.rtimer_arch_init
                0x0000000000005ecc        0xe contiki-sky.a(rtimer-arch.o)
                0x0000000000005ecc                rtimer_arch_init
 .text.rtimer_arch_now
                0x0000000000005eda        0xe contiki-sky.a(rtimer-arch.o)
                0x0000000000005eda                rtimer_arch_now
 .text.timera0  0x0000000000005ee8       0x70 contiki-sky.a(rtimer-arch.o)
                0x0000000000005ee8                __isr_6
                0x0000000000005ee8                timera0
 .text.rtimer_arch_schedule
                0x0000000000005f58        0x6 contiki-sky.a(rtimer-arch.o)
                0x0000000000005f58                rtimer_arch_schedule
 .text.autostart_start
                0x0000000000005f5e       0x16 contiki-sky.a(autostart.o)
                0x0000000000005f5e                autostart_start
 .text.process_thread_ctimer_process
                0x0000000000005f74       0xa8 contiki-sky.a(ctimer.o)
 .text.ctimer_init
                0x000000000000601c       0x18 contiki-sky.a(ctimer.o)
                0x000000000000601c                ctimer_init
 .text.ctimer_set
                0x0000000000006034       0x50 contiki-sky.a(ctimer.o)
                0x0000000000006034                ctimer_set
 .text.ctimer_reset
                0x0000000000006084       0x30 contiki-sky.a(ctimer.o)
                0x0000000000006084                ctimer_reset
 .text.ctimer_stop
                0x00000000000060b4       0x28 contiki-sky.a(ctimer.o)
                0x00000000000060b4                ctimer_stop
 .text.energest_init
                0x00000000000060dc       0x26 contiki-sky.a(energest.o)
                0x00000000000060dc                energest_init
 .text.energest_type_time
                0x0000000000006102       0x48 contiki-sky.a(energest.o)
                0x0000000000006102                energest_type_time
 .text.energest_type_set
                0x000000000000614a        0xe contiki-sky.a(energest.o)
                0x000000000000614a                energest_type_set
 .text.energest_flush
                0x0000000000006158       0x48 contiki-sky.a(energest.o)
                0x0000000000006158                energest_flush
 .text.update_time
                0x00000000000061a0       0x78 contiki-sky.a(etimer.o)
 .text.etimer_request_poll
                0x0000000000006218        0xa contiki-sky.a(etimer.o)
                0x0000000000006218                etimer_request_poll
 .text.process_thread_etimer_process
                0x0000000000006222       0xcc contiki-sky.a(etimer.o)
 .text.add_timer
                0x00000000000062ee       0x40 contiki-sky.a(etimer.o)
 .text.etimer_set
                0x000000000000632e       0x12 contiki-sky.a(etimer.o)
                0x000000000000632e                etimer_set
 .text.etimer_reset
                0x0000000000006340       0x12 contiki-sky.a(etimer.o)
                0x0000000000006340                etimer_reset
 .text.etimer_restart
                0x0000000000006352       0x12 contiki-sky.a(etimer.o)
                0x0000000000006352                etimer_restart
 .text.etimer_expired
                0x0000000000006364        0xe contiki-sky.a(etimer.o)
                0x0000000000006364                etimer_expired
 .text.etimer_pending
                0x0000000000006372        0xc contiki-sky.a(etimer.o)
                0x0000000000006372                etimer_pending
 .text.etimer_next_expiration_time
                0x000000000000637e       0x16 contiki-sky.a(etimer.o)
                0x000000000000637e                etimer_next_expiration_time
 .text.etimer_stop
                0x0000000000006394       0x3e contiki-sky.a(etimer.o)
                0x0000000000006394                etimer_stop
 .text.call_process
                0x00000000000063d2       0x46 contiki-sky.a(process.o)
 .text.exit_process
                0x0000000000006418       0x96 contiki-sky.a(process.o)
 .text.do_poll  0x00000000000064ae       0x30 contiki-sky.a(process.o)
 .text.process_alloc_event
                0x00000000000064de        0xe contiki-sky.a(process.o)
                0x00000000000064de                process_alloc_event
 .text.process_init
                0x00000000000064ec       0x1c contiki-sky.a(process.o)
                0x00000000000064ec                process_init
 .text.process_run
                0x0000000000006508       0xa2 contiki-sky.a(process.o)
                0x0000000000006508                process_run
 .text.process_nevents
                0x00000000000065aa        0xe contiki-sky.a(process.o)
                0x00000000000065aa                process_nevents
 .text.process_post
                0x00000000000065b8       0x54 contiki-sky.a(process.o)
                0x00000000000065b8                process_post
 .text.process_post_synch
                0x000000000000660c       0x12 contiki-sky.a(process.o)
                0x000000000000660c                process_post_synch
 .text.process_start
                0x000000000000661e       0x36 contiki-sky.a(process.o)
                0x000000000000661e                process_start
 .text.process_poll
                0x0000000000006654       0x18 contiki-sky.a(process.o)
                0x0000000000006654                process_poll
 .text.rtimer_init
                0x000000000000666c        0x6 contiki-sky.a(rtimer.o)
                0x000000000000666c                rtimer_init
 .text.rtimer_set
                0x0000000000006672       0x24 contiki-sky.a(rtimer.o)
                0x0000000000006672                rtimer_set
 .text.rtimer_run_next
                0x0000000000006696       0x26 contiki-sky.a(rtimer.o)
                0x0000000000006696                rtimer_run_next
 .text.timer_set
                0x00000000000066bc       0x1c contiki-sky.a(timer.o)
                0x00000000000066bc                timer_set
 .text.timer_reset
                0x00000000000066d8        0xe contiki-sky.a(timer.o)
                0x00000000000066d8                timer_reset
 .text.timer_restart
                0x00000000000066e6       0x14 contiki-sky.a(timer.o)
                0x00000000000066e6                timer_restart
 .text.timer_expired
                0x00000000000066fa       0x2a contiki-sky.a(timer.o)
                0x00000000000066fa                timer_expired
 .text.list_init
                0x0000000000006724        0x6 contiki-sky.a(list.o)
                0x0000000000006724                list_init
 .text.list_head
                0x000000000000672a        0x4 contiki-sky.a(list.o)
                0x000000000000672a                list_head
 .text.list_tail
                0x000000000000672e       0x12 contiki-sky.a(list.o)
                0x000000000000672e                list_tail
 .text.list_chop
                0x0000000000006740       0x1a contiki-sky.a(list.o)
                0x0000000000006740                list_chop
 .text.list_remove
                0x000000000000675a       0x34 contiki-sky.a(list.o)
                0x000000000000675a                list_remove
 .text.list_push
                0x000000000000678e       0x1a contiki-sky.a(list.o)
                0x000000000000678e                list_push
 .text.list_add
                0x00000000000067a8       0x2a contiki-sky.a(list.o)
                0x00000000000067a8                list_add
 .text.list_length
                0x00000000000067d2       0x10 contiki-sky.a(list.o)
                0x00000000000067d2                list_length
 .text.list_item_next
                0x00000000000067e2        0xc contiki-sky.a(list.o)
                0x00000000000067e2                list_item_next
 .text.random_init
                0x00000000000067ee        0x6 contiki-sky.a(random.o)
                0x00000000000067ee                random_init
 .text.random_rand
                0x00000000000067f4        0x6 contiki-sky.a(random.o)
                0x00000000000067f4                random_rand
 .text.uip_fw_output
                0x00000000000067fa       0xf4 contiki-sky.a(uip-fw.o)
                0x00000000000067fa                uip_fw_output
 .text.uip_fw_forward
                0x00000000000068ee      0x15e contiki-sky.a(uip-fw.o)
                0x00000000000068ee                uip_fw_forward
 .text.uip_fw_default
                0x0000000000006a4c        0x6 contiki-sky.a(uip-fw.o)
                0x0000000000006a4c                uip_fw_default
 .text.uip_fw_periodic
                0x0000000000006a52       0x1c contiki-sky.a(uip-fw.o)
                0x0000000000006a52                uip_fw_periodic
 .text.process_thread_uip_fw_process
                0x0000000000006a6e       0x3c contiki-sky.a(uip-fw-drv.o)
 .text.chksum   0x0000000000006aaa       0x32 contiki-sky.a(uip.o)
 .text.upper_layer_chksum
                0x0000000000006adc       0x42 contiki-sky.a(uip.o)
 .text.uip_add32
                0x0000000000006b1e       0x68 contiki-sky.a(uip.o)
                0x0000000000006b1e                uip_add32
 .text.uip_add_rcv_nxt
                0x0000000000006b86       0x2c contiki-sky.a(uip.o)
 .text.uip_chksum
                0x0000000000006bb2       0x18 contiki-sky.a(uip.o)
                0x0000000000006bb2                uip_chksum
 .text.uip_tcpchksum
                0x0000000000006bca        0xa contiki-sky.a(uip.o)
                0x0000000000006bca                uip_tcpchksum
 .text.uip_udpchksum
                0x0000000000006bd4        0xa contiki-sky.a(uip.o)
                0x0000000000006bd4                uip_udpchksum
 .text.uip_init
                0x0000000000006bde       0x50 contiki-sky.a(uip.o)
                0x0000000000006bde                uip_init
 .text.uip_unlisten
                0x0000000000006c2e       0x2a contiki-sky.a(uip.o)
                0x0000000000006c2e                uip_unlisten
 .text.uip_process
                0x0000000000006c58      0xc7e contiki-sky.a(uip.o)
                0x0000000000006c58                uip_process
 .text.uip_htons
                0x00000000000078d6        0xc contiki-sky.a(uip.o)
                0x00000000000078d6                uip_htons
 .text.timedout
                0x00000000000078e2       0x12 contiki-sky.a(uip-over-mesh.o)
 .text.recv_data
                0x00000000000078f4       0x72 contiki-sky.a(uip-over-mesh.o)
 .text.new_route
                0x0000000000007966       0x36 contiki-sky.a(uip-over-mesh.o)
 .text.uip_over_mesh_init
                0x000000000000799c       0x54 contiki-sky.a(uip-over-mesh.o)
                0x000000000000799c                uip_over_mesh_init
 .text.uip_over_mesh_send
                0x00000000000079f0       0xe8 contiki-sky.a(uip-over-mesh.o)
                0x00000000000079f0                uip_over_mesh_send
 .text.uip_over_mesh_set_gateway_netif
                0x0000000000007ad8        0x6 contiki-sky.a(uip-over-mesh.o)
                0x0000000000007ad8                uip_over_mesh_set_gateway_netif
 .text.uip_over_mesh_set_gateway
                0x0000000000007ade        0xc contiki-sky.a(uip-over-mesh.o)
                0x0000000000007ade                uip_over_mesh_set_gateway
 .text.gateway_announce_recv
                0x0000000000007aea       0x10 contiki-sky.a(uip-over-mesh.o)
 .text.uip_over_mesh_make_announced_gateway
                0x0000000000007afa       0x32 contiki-sky.a(uip-over-mesh.o)
                0x0000000000007afa                uip_over_mesh_make_announced_gateway
 .text.uip_over_mesh_set_net
                0x0000000000007b2c       0x16 contiki-sky.a(uip-over-mesh.o)
                0x0000000000007b2c                uip_over_mesh_set_net
 .text.start_periodic_tcp_timer
                0x0000000000007b42       0x16 contiki-sky.a(tcpip.o)
 .text.tcpip_output
                0x0000000000007b58       0x10 contiki-sky.a(tcpip.o)
                0x0000000000007b58                tcpip_output
 .text.process_thread_tcpip_process
                0x0000000000007b68      0x1ce contiki-sky.a(tcpip.o)
 .text.tcpip_set_outputfunc
                0x0000000000007d36        0x6 contiki-sky.a(tcpip.o)
                0x0000000000007d36                tcpip_set_outputfunc
 .text.tcpip_input
                0x0000000000007d3c       0x12 contiki-sky.a(tcpip.o)
                0x0000000000007d3c                tcpip_input
 .text.tcpip_uipcall
                0x0000000000007d4e       0x70 contiki-sky.a(tcpip.o)
                0x0000000000007d4e                tcpip_uipcall
 .text.input    0x0000000000007dbe       0x3a contiki-sky.a(rime.o)
 .text.init     0x0000000000007df8       0x2e contiki-sky.a(rime.o)
 .text.packet_sent
                0x0000000000007e26       0x44 contiki-sky.a(rime.o)
 .text.rime_output
                0x0000000000007e6a       0x24 contiki-sky.a(rime.o)
                0x0000000000007e6a                rime_output
 .text.adv_packet_sent
                0x0000000000007e8e        0x2 contiki-sky.a(broadcast-annou)
 .text.adv_packet_received
                0x0000000000007e90       0x64 contiki-sky.a(broadcast-annou)
 .text.set_timers
                0x0000000000007ef4       0x4a contiki-sky.a(broadcast-annou)
 .text.send_timer
                0x0000000000007f3e       0x32 contiki-sky.a(broadcast-annou)
 .text.send_adv
                0x0000000000007f70       0x66 contiki-sky.a(broadcast-annou)
 .text.new_announcement
                0x0000000000007fd6       0x18 contiki-sky.a(broadcast-annou)
 .text.broadcast_announcement_init
                0x0000000000007fee       0x48 contiki-sky.a(broadcast-annou)
                0x0000000000007fee                broadcast_announcement_init
 .text.send     0x0000000000008036       0x1a contiki-sky.a(trickle.o)
 .text.run_trickle
                0x0000000000008050       0xc4 contiki-sky.a(trickle.o)
 .text.recv     0x0000000000008114       0x86 contiki-sky.a(trickle.o)
 .text.timer_callback
                0x000000000000819a        0x6 contiki-sky.a(trickle.o)
 .text.trickle_open
                0x00000000000081a0       0x44 contiki-sky.a(trickle.o)
                0x00000000000081a0                trickle_open
 .text.trickle_send
                0x00000000000081e4       0x3e contiki-sky.a(trickle.o)
                0x00000000000081e4                trickle_send
 .text.sent_by_abc
                0x0000000000008222       0x10 contiki-sky.a(broadcast.o)
 .text.recv_from_abc
                0x0000000000008232       0x26 contiki-sky.a(broadcast.o)
 .text.broadcast_open
                0x0000000000008258       0x2a contiki-sky.a(broadcast.o)
                0x0000000000008258                broadcast_open
 .text.broadcast_send
                0x0000000000008282       0x1a contiki-sky.a(broadcast.o)
                0x0000000000008282                broadcast_send
 .text.timeout_handler
                0x000000000000829c       0x14 contiki-sky.a(route-discovery)
 .text.rreq_packet_received
                0x00000000000082b0       0xca contiki-sky.a(route-discovery)
 .text.rrep_packet_received
                0x000000000000837a       0x9a contiki-sky.a(route-discovery)
 .text.route_discovery_open
                0x0000000000008414       0x30 contiki-sky.a(route-discovery)
                0x0000000000008414                route_discovery_open
 .text.route_discovery_discover
                0x0000000000008444       0x6e contiki-sky.a(route-discovery)
                0x0000000000008444                route_discovery_discover
 .text.periodic
                0x00000000000084b2       0x58 contiki-sky.a(route.o)
 .text.route_init
                0x000000000000850a       0x28 contiki-sky.a(route.o)
                0x000000000000850a                route_init
 .text.route_lookup
                0x0000000000008532       0x4c contiki-sky.a(route.o)
                0x0000000000008532                route_lookup
 .text.route_add
                0x000000000000857e       0x88 contiki-sky.a(route.o)
                0x000000000000857e                route_add
 .text.route_refresh
                0x0000000000008606        0xe contiki-sky.a(route.o)
                0x0000000000008606                route_refresh
 .text.route_remove
                0x0000000000008614       0x1c contiki-sky.a(route.o)
                0x0000000000008614                route_remove
 .text.route_decay
                0x0000000000008630       0x22 contiki-sky.a(route.o)
                0x0000000000008630                route_decay
 .text.route_set_lifetime
                0x0000000000008652        0x6 contiki-sky.a(route.o)
                0x0000000000008652                route_set_lifetime
 .text.chameleon_init
                0x0000000000008658        0x6 contiki-sky.a(chameleon.o)
                0x0000000000008658                chameleon_init
 .text.chameleon_parse
                0x000000000000865e       0x10 contiki-sky.a(chameleon.o)
                0x000000000000865e                chameleon_parse
 .text.chameleon_create
                0x000000000000866e       0x1c contiki-sky.a(chameleon.o)
                0x000000000000866e                chameleon_create
 .text.chameleon_hdrsize
                0x000000000000868a        0x6 contiki-sky.a(chameleon.o)
                0x000000000000868a                chameleon_hdrsize
 .text.channel_init
                0x0000000000008690        0xa contiki-sky.a(channel.o)
                0x0000000000008690                channel_init
 .text.channel_open
                0x000000000000869a       0x10 contiki-sky.a(channel.o)
                0x000000000000869a                channel_open
 .text.channel_lookup
                0x00000000000086aa       0x20 contiki-sky.a(channel.o)
                0x00000000000086aa                channel_lookup
 .text.channel_set_attributes
                0x00000000000086ca       0x24 contiki-sky.a(channel.o)
                0x00000000000086ca                channel_set_attributes
 .text.sent_by_broadcast
                0x00000000000086ee       0x10 contiki-sky.a(unicast.o)
 .text.recv_from_broadcast
                0x00000000000086fe       0x2e contiki-sky.a(unicast.o)
 .text.unicast_open
                0x000000000000872c       0x2a contiki-sky.a(unicast.o)
                0x000000000000872c                unicast_open
 .text.unicast_send
                0x0000000000008756       0x16 contiki-sky.a(unicast.o)
                0x0000000000008756                unicast_send
 .text.abc_open
                0x000000000000876c       0x26 contiki-sky.a(abc.o)
                0x000000000000876c                abc_open
 .text.abc_send
                0x0000000000008792        0x6 contiki-sky.a(abc.o)
                0x0000000000008792                abc_send
 .text.abc_input
                0x0000000000008798        0xe contiki-sky.a(abc.o)
                0x0000000000008798                abc_input
 .text.abc_sent
                0x00000000000087a6       0x10 contiki-sky.a(abc.o)
                0x00000000000087a6                abc_sent
 .text.sent     0x00000000000087b6       0x10 contiki-sky.a(netflood.o)
 .text.dropped  0x00000000000087c6       0x10 contiki-sky.a(netflood.o)
 .text.recv_from_ipolite
                0x00000000000087d6       0xee contiki-sky.a(netflood.o)
 .text.netflood_open
                0x00000000000088c4       0x2e contiki-sky.a(netflood.o)
                0x00000000000088c4                netflood_open
 .text.netflood_send
                0x00000000000088f2       0x62 contiki-sky.a(netflood.o)
                0x00000000000088f2                netflood_send
 .text.announcement_init
                0x0000000000008954        0xa contiki-sky.a(announcement.o)
                0x0000000000008954                announcement_init
 .text.announcement_register_observer_callback
                0x000000000000895e        0x6 contiki-sky.a(announcement.o)
                0x000000000000895e                announcement_register_observer_callback
 .text.announcement_list
                0x0000000000008964        0xa contiki-sky.a(announcement.o)
                0x0000000000008964                announcement_list
 .text.announcement_heard
                0x000000000000896e       0x42 contiki-sky.a(announcement.o)
                0x000000000000896e                announcement_heard
 .text.input_packet
                0x00000000000089b0        0x6 contiki-sky.a(csma.o)
 .text.on       0x00000000000089b6        0x6 contiki-sky.a(csma.o)
 .text.off      0x00000000000089bc        0x6 contiki-sky.a(csma.o)
 .text.channel_check_interval
                0x00000000000089c2       0x10 contiki-sky.a(csma.o)
 .text.transmit_packet_list
                0x00000000000089d2       0x24 contiki-sky.a(csma.o)
 .text.init     0x00000000000089f6       0x1a contiki-sky.a(csma.o)
 .text.send_packet
                0x0000000000008a10      0x184 contiki-sky.a(csma.o)
 .text.free_packet
                0x0000000000008b94       0x98 contiki-sky.a(csma.o)
 .text.packet_sent
                0x0000000000008c2c      0x130 contiki-sky.a(csma.o)
 .text.queuebuf_init
                0x0000000000008d5c       0x12 contiki-sky.a(queuebuf.o)
                0x0000000000008d5c                queuebuf_init
 .text.queuebuf_new_from_packetbuf
                0x0000000000008d6e       0x52 contiki-sky.a(queuebuf.o)
                0x0000000000008d6e                queuebuf_new_from_packetbuf
 .text.queuebuf_update_attr_from_packetbuf
                0x0000000000008dc0       0x12 contiki-sky.a(queuebuf.o)
                0x0000000000008dc0                queuebuf_update_attr_from_packetbuf
 .text.queuebuf_update_from_packetbuf
                0x0000000000008dd2       0x22 contiki-sky.a(queuebuf.o)
                0x0000000000008dd2                queuebuf_update_from_packetbuf
 .text.queuebuf_free
                0x0000000000008df4       0x2a contiki-sky.a(queuebuf.o)
                0x0000000000008df4                queuebuf_free
 .text.queuebuf_to_packetbuf
                0x0000000000008e1e       0x32 contiki-sky.a(queuebuf.o)
                0x0000000000008e1e                queuebuf_to_packetbuf
 .text.queuebuf_dataptr
                0x0000000000008e50       0x1c contiki-sky.a(queuebuf.o)
                0x0000000000008e50                queuebuf_dataptr
 .text.queuebuf_datalen
                0x0000000000008e6c        0x8 contiki-sky.a(queuebuf.o)
                0x0000000000008e6c                queuebuf_datalen
 .text.queuebuf_attr
                0x0000000000008e74        0xe contiki-sky.a(queuebuf.o)
                0x0000000000008e74                queuebuf_attr
 .text.packetbuf_compact
                0x0000000000008e82       0x2e contiki-sky.a(packetbuf.o)
                0x0000000000008e82                packetbuf_compact
 .text.packetbuf_copyto
                0x0000000000008eb0       0x52 contiki-sky.a(packetbuf.o)
                0x0000000000008eb0                packetbuf_copyto
 .text.packetbuf_hdrreduce
                0x0000000000008f02       0x1a contiki-sky.a(packetbuf.o)
                0x0000000000008f02                packetbuf_hdrreduce
 .text.packetbuf_set_datalen
                0x0000000000008f1c        0x6 contiki-sky.a(packetbuf.o)
                0x0000000000008f1c                packetbuf_set_datalen
 .text.packetbuf_dataptr
                0x0000000000008f22        0xe contiki-sky.a(packetbuf.o)
                0x0000000000008f22                packetbuf_dataptr
 .text.packetbuf_hdrptr
                0x0000000000008f30        0xa contiki-sky.a(packetbuf.o)
                0x0000000000008f30                packetbuf_hdrptr
 .text.packetbuf_datalen
                0x0000000000008f3a        0x6 contiki-sky.a(packetbuf.o)
                0x0000000000008f3a                packetbuf_datalen
 .text.packetbuf_hdrlen
                0x0000000000008f40       0x10 contiki-sky.a(packetbuf.o)
                0x0000000000008f40                packetbuf_hdrlen
 .text.packetbuf_totlen
                0x0000000000008f50        0xc contiki-sky.a(packetbuf.o)
                0x0000000000008f50                packetbuf_totlen
 .text.packetbuf_hdralloc
                0x0000000000008f5c       0x2e contiki-sky.a(packetbuf.o)
                0x0000000000008f5c                packetbuf_hdralloc
 .text.packetbuf_attr_clear
                0x0000000000008f8a       0x2c contiki-sky.a(packetbuf.o)
                0x0000000000008f8a                packetbuf_attr_clear
 .text.packetbuf_clear
                0x0000000000008fb6       0x1a contiki-sky.a(packetbuf.o)
                0x0000000000008fb6                packetbuf_clear
 .text.packetbuf_copyfrom
                0x0000000000008fd0       0x2e contiki-sky.a(packetbuf.o)
                0x0000000000008fd0                packetbuf_copyfrom
 .text.packetbuf_attr_copyto
                0x0000000000008ffe       0x20 contiki-sky.a(packetbuf.o)
                0x0000000000008ffe                packetbuf_attr_copyto
 .text.packetbuf_attr_copyfrom
                0x000000000000901e       0x22 contiki-sky.a(packetbuf.o)
                0x000000000000901e                packetbuf_attr_copyfrom
 .text.packetbuf_holds_broadcast
                0x0000000000009040        0xe contiki-sky.a(packetbuf.o)
                0x0000000000009040                packetbuf_holds_broadcast
 .text.linkaddr_copy
                0x000000000000904e        0xc contiki-sky.a(linkaddr.o)
                0x000000000000904e                linkaddr_copy
 .text.linkaddr_cmp
                0x000000000000905a       0x12 contiki-sky.a(linkaddr.o)
                0x000000000000905a                linkaddr_cmp
 .text.linkaddr_set_node_addr
                0x000000000000906c        0xc contiki-sky.a(linkaddr.o)
                0x000000000000906c                linkaddr_set_node_addr
 .text.duty_cycle
                0x0000000000009078        0x6 contiki-sky.a(contikimac.o)
 .text.init     0x000000000000907e       0x2a contiki-sky.a(contikimac.o)
 .text.on       0x00000000000090a8       0x1a contiki-sky.a(contikimac.o)
 .text.off      0x00000000000090c2       0x22 contiki-sky.a(contikimac.o)
 .text.recv_burst_off
                0x00000000000090e4        0xa contiki-sky.a(contikimac.o)
 .text.turn_off
                0x00000000000090ee       0x20 contiki-sky.a(contikimac.o)
 .text.turn_on  0x000000000000910e       0x30 contiki-sky.a(contikimac.o)
 .text.schedule_powercycle_fixed.part.4
                0x000000000000913e       0x34 contiki-sky.a(contikimac.o)
 .text.powercycle_turn_radio_off
                0x0000000000009172       0x30 contiki-sky.a(contikimac.o)
 .text.input_packet
                0x00000000000091a2       0xb6 contiki-sky.a(contikimac.o)
 .text.send_packet.isra.7
                0x0000000000009258      0x20c contiki-sky.a(contikimac.o)
 .text.qsend_list
                0x0000000000009464       0xc4 contiki-sky.a(contikimac.o)
 .text.qsend_packet
                0x0000000000009528       0x28 contiki-sky.a(contikimac.o)
 .text.powercycle
                0x0000000000009550      0x1d6 contiki-sky.a(contikimac.o)
 .text.hdr_length
                0x0000000000009726        0x8 contiki-sky.a(contikimac-fram)
 .text.parse    0x000000000000972e       0x3e contiki-sky.a(contikimac-fram)
 .text.create   0x000000000000976c       0x26 contiki-sky.a(contikimac-fram)
 .text.create_and_secure
                0x0000000000009792       0x6a contiki-sky.a(contikimac-fram)
 .text.bootstrap
                0x00000000000097fc        0x4 contiki-sky.a(nullsec.o)
 .text.send     0x0000000000009800        0xa contiki-sky.a(nullsec.o)
 .text.on_frame_created
                0x000000000000980a        0x4 contiki-sky.a(nullsec.o)
 .text.input    0x000000000000980e        0x6 contiki-sky.a(nullsec.o)
 .text.get_overhead
                0x0000000000009814        0x4 contiki-sky.a(nullsec.o)
 .text.spi_init
                0x0000000000009818       0x30 contiki-sky.a(spi.o)
                0x0000000000009818                spi_init
 .text.uip_ipchksum
                0x0000000000009848       0x32 contiki-sky.a(uip-ipchksum.o)
                0x0000000000009848                uip_ipchksum
 .text.compower_accumulate
                0x000000000000987a       0x72 contiki-sky.a(compower.o)
                0x000000000000987a                compower_accumulate
 .text.compower_clear
                0x00000000000098ec       0x12 contiki-sky.a(compower.o)
                0x00000000000098ec                compower_clear
 .text.compower_attrconv
                0x00000000000098fe       0x10 contiki-sky.a(compower.o)
                0x00000000000098fe                compower_attrconv
 .text.memb_init
                0x000000000000990e       0x36 contiki-sky.a(memb.o)
                0x000000000000990e                memb_init
 .text.memb_alloc
                0x0000000000009944       0x3e contiki-sky.a(memb.o)
                0x0000000000009944                memb_alloc
 .text.memb_free
                0x0000000000009982       0x3a contiki-sky.a(memb.o)
                0x0000000000009982                memb_free
 .text.memb_inmemb
                0x00000000000099bc       0x2a contiki-sky.a(memb.o)
                0x00000000000099bc                memb_inmemb
 .text.header_size
                0x00000000000099e6       0x16 contiki-sky.a(chameleon-bitop)
 .text.get_bits_in_byte
                0x00000000000099fc       0x3a contiki-sky.a(chameleon-bitop)
                0x00000000000099fc                get_bits_in_byte
 .text.get_bits
                0x0000000000009a36       0xa2 contiki-sky.a(chameleon-bitop)
                0x0000000000009a36                get_bits
 .text.unpack_header
                0x0000000000009ad8       0xd2 contiki-sky.a(chameleon-bitop)
 .text.set_bits_in_byte
                0x0000000000009baa       0x2c contiki-sky.a(chameleon-bitop)
                0x0000000000009baa                set_bits_in_byte
 .text.set_bits
                0x0000000000009bd6       0xc8 contiki-sky.a(chameleon-bitop)
                0x0000000000009bd6                set_bits
 .text.pack_header
                0x0000000000009c9e       0xbe contiki-sky.a(chameleon-bitop)
 .text.sent     0x0000000000009d5c        0x2 contiki-sky.a(ipolite.o)
 .text.send     0x0000000000009d5e       0x36 contiki-sky.a(ipolite.o)
 .text.recv     0x0000000000009d94       0xa6 contiki-sky.a(ipolite.o)
 .text.ipolite_open
                0x0000000000009e3a       0x24 contiki-sky.a(ipolite.o)
                0x0000000000009e3a                ipolite_open
 .text.ipolite_send
                0x0000000000009e5e       0xaa contiki-sky.a(ipolite.o)
                0x0000000000009e5e                ipolite_send
 .text.mac_sequence_is_duplicate
                0x0000000000009f08       0x3c contiki-sky.a(mac-sequence.o)
                0x0000000000009f08                mac_sequence_is_duplicate
 .text.mac_sequence_register_seqno
                0x0000000000009f44       0x5c contiki-sky.a(mac-sequence.o)
                0x0000000000009f44                mac_sequence_register_seqno
 .text.create_frame.isra.0
                0x0000000000009fa0      0x104 contiki-sky.a(framer-802154.o)
 .text.create   0x000000000000a0a4        0x8 contiki-sky.a(framer-802154.o)
 .text.hdr_length
                0x000000000000a0ac        0x8 contiki-sky.a(framer-802154.o)
 .text.parse    0x000000000000a0b4       0xa4 contiki-sky.a(framer-802154.o)
 .text.field_len
                0x000000000000a158       0x90 contiki-sky.a(frame802154.o)
 .text.frame802154_hdrlen
                0x000000000000a1e8       0x2e contiki-sky.a(frame802154.o)
                0x000000000000a1e8                frame802154_hdrlen
 .text.frame802154_create
                0x000000000000a216      0x146 contiki-sky.a(frame802154.o)
                0x000000000000a216                frame802154_create
 .text.frame802154_parse
                0x000000000000a35c      0x1ba contiki-sky.a(frame802154.o)
                0x000000000000a35c                frame802154_parse
 .text.mac_call_sent_callback
                0x000000000000a516       0x14 contiki-sky.a(mac.o)
                0x000000000000a516                mac_call_sent_callback
 .text.framer_canonical_create_and_secure
                0x000000000000a52a       0x20 contiki-sky.a(framer.o)
                0x000000000000a52a                framer_canonical_create_and_secure
 .text.libgcc   0x000000000000a54a       0x2c /home/tkn/.local/contiki-src/mspgcc-4.7.3/bin/../lib/gcc/msp430/4.7.3/mmpy-16/libgcc.a(_mulsi3.o)
                0x000000000000a54a                __mulsi3
 .text.libgcc   0x000000000000a576       0x40 /home/tkn/.local/contiki-src/mspgcc-4.7.3/bin/../lib/gcc/msp430/4.7.3/mmpy-16/libgcc.a(_udivmod32.o)
                0x000000000000a576                __udivsi3
                0x000000000000a576                __ext_udivmod32
                0x000000000000a5ac                __umodsi3
 .text          0x000000000000a5b6       0x42 /home/tkn/.local/contiki-src/mspgcc-4.7.3/bin/../lib/gcc/msp430/4.7.3/mmpy-16/libgcc.a(_fixunssfsi.o)
                0x000000000000a5b6                __fixunssfsi
 .text          0x000000000000a5f8      0x31e /home/tkn/.local/contiki-src/mspgcc-4.7.3/bin/../lib/gcc/msp430/4.7.3/mmpy-16/libgcc.a(_addsub_sf.o)
                0x000000000000a87a                __addsf3
                0x000000000000a8c6                __subsf3
 .text          0x000000000000a916       0x4e /home/tkn/.local/contiki-src/mspgcc-4.7.3/bin/../lib/gcc/msp430/4.7.3/mmpy-16/libgcc.a(_ge_sf.o)
                0x000000000000a916                __gesf2
 .text          0x000000000000a964       0x8c /home/tkn/.local/contiki-src/mspgcc-4.7.3/bin/../lib/gcc/msp430/4.7.3/mmpy-16/libgcc.a(_sf_to_si.o)
                0x000000000000a964                __fixsfsi
 .text          0x000000000000a9f0      0x1da /home/tkn/.local/contiki-src/mspgcc-4.7.3/bin/../lib/gcc/msp430/4.7.3/mmpy-16/libgcc.a(_pack_sf.o)
                0x000000000000a9f0                __pack_f
 .text          0x000000000000abca      0x13c /home/tkn/.local/contiki-src/mspgcc-4.7.3/bin/../lib/gcc/msp430/4.7.3/mmpy-16/libgcc.a(_unpack_sf.o)
                0x000000000000abca                __unpack_f
 .text          0x000000000000ad06       0xa4 /home/tkn/.local/contiki-src/mspgcc-4.7.3/bin/../lib/gcc/msp430/4.7.3/mmpy-16/libgcc.a(_fpcmp_parts_sf.o)
                0x000000000000ad06                __fpcmp_parts_f
 .text.printf   0x000000000000adaa       0x10 /home/tkn/.local/contiki-src/mspgcc-4.7.3/bin/../lib/gcc/msp430/4.7.3/../../../../msp430/lib/mmpy-16/libc.a(printf.o)
                0x000000000000adaa                printf
 .text.print_field
                0x000000000000adba      0x194 /home/tkn/.local/contiki-src/mspgcc-4.7.3/bin/../lib/gcc/msp430/4.7.3/../../../../msp430/lib/mmpy-16/libc.a(vuprintf.o)
 .text.vuprintf
                0x000000000000af4e      0x63e /home/tkn/.local/contiki-src/mspgcc-4.7.3/bin/../lib/gcc/msp430/4.7.3/../../../../msp430/lib/mmpy-16/libc.a(vuprintf.o)
                0x000000000000af4e                vuprintf
 .text.puts     0x000000000000b58c       0x2c /home/tkn/.local/contiki-src/mspgcc-4.7.3/bin/../lib/gcc/msp430/4.7.3/../../../../msp430/lib/mmpy-16/libc.a(puts.o)
                0x000000000000b58c                puts
 .text.rand     0x000000000000b5b8       0x26 /home/tkn/.local/contiki-src/mspgcc-4.7.3/bin/../lib/gcc/msp430/4.7.3/../../../../msp430/lib/mmpy-16/libc.a(rand.o)
                0x000000000000b5b8                rand
 .text.srand    0x000000000000b5de        0xa /home/tkn/.local/contiki-src/mspgcc-4.7.3/bin/../lib/gcc/msp430/4.7.3/../../../../msp430/lib/mmpy-16/libc.a(rand.o)
                0x000000000000b5de                srand
 .text.strncmp  0x000000000000b5e8       0x2a /home/tkn/.local/contiki-src/mspgcc-4.7.3/bin/../lib/gcc/msp430/4.7.3/../../../../msp430/lib/mmpy-16/libc.a(strncmp.o)
                0x000000000000b5e8                strncmp
 .text.memcmp   0x000000000000b612       0x30 /home/tkn/.local/contiki-src/mspgcc-4.7.3/bin/../lib/gcc/msp430/4.7.3/../../../../msp430/lib/mmpy-16/libc.a(memcmp.o)
                0x000000000000b612                memcmp
 .text.memcpy   0x000000000000b642       0xfa /home/tkn/.local/contiki-src/mspgcc-4.7.3/bin/../lib/gcc/msp430/4.7.3/../../../../msp430/lib/mmpy-16/libc.a(memcpy.o)
                0x000000000000b642                memcpy
 .text.memset   0x000000000000b73c       0x6a /home/tkn/.local/contiki-src/mspgcc-4.7.3/bin/../lib/gcc/msp430/4.7.3/../../../../msp430/lib/mmpy-16/libc.a(memset.o)
                0x000000000000b73c                memset
 .text.libgcc   0x000000000000b7a6       0x22 /home/tkn/.local/contiki-src/mspgcc-4.7.3/bin/../lib/gcc/msp430/4.7.3/mmpy-16/libgcc.a(_udivmod16.o)
                0x000000000000b7a6                __udivhi3
                0x000000000000b7a6                __ext_udivmod16
                0x000000000000b7c0                __umodhi3
 .text.libgcc   0x000000000000b7c8       0xf0 /home/tkn/.local/contiki-src/mspgcc-4.7.3/bin/../lib/gcc/msp430/4.7.3/mmpy-16/libgcc.a(_udivmod64.o)
                0x000000000000b7c8                __xabi_udivmod64
                0x000000000000b826                __udivdi3
                0x000000000000b84c                __umoddi3
                0x000000000000b87a                __udivmoddi4
 .text.crt0     0x000000000000b8b8        0x2 /home/tkn/.local/contiki-src/mspgcc-4.7.3/bin/../lib/gcc/msp430/4.7.3/mmpy-16/libcrt0.a(_unexpected_.o)
                0x000000000000b8b8                _unexpected_
 *(.near.text .near.text.*)

.rodata         0x000000000000b8bc      0x389
                0x000000000000b8bc                . = ALIGN (0x2)
 *(.rodata .rodata.* .gnu.linkonce.r.*)
 .rodata        0x000000000000b8bc       0x64 energy.co
                0x000000000000b8e2                autostart_processes
 .rodata        0x000000000000b920      0x167 obj_sky/contiki-sky-main.o
 *fill*         0x000000000000ba87        0x1 00
 .rodata        0x000000000000ba88       0x10 contiki-sky.a(button-sensor.o)
                0x000000000000ba90                button_sensor
 .rodata        0x000000000000ba98        0x8 contiki-sky.a(sensors.o)
 .rodata.get_value
                0x000000000000baa0       0x1c contiki-sky.a(cc2420.o)
 .rodata        0x000000000000babc       0x3e contiki-sky.a(cc2420.o)
                0x000000000000babc                cc2420_aes_128_driver
                0x000000000000bac0                cc2420_driver
 .rodata        0x000000000000bafa       0x26 contiki-sky.a(slip.o)
 .rodata        0x000000000000bb20        0xf contiki-sky.a(ctimer.o)
 .rodata        0x000000000000bb2f        0xc contiki-sky.a(etimer.o)
 .rodata        0x000000000000bb3b        0xe contiki-sky.a(uip-fw-drv.o)
 *fill*         0x000000000000bb49        0x3 00
 .rodata.uip_process
                0x000000000000bb4c       0x20 contiki-sky.a(uip.o)
 .rodata        0x000000000000bb6c        0x8 contiki-sky.a(uip.o)
                0x000000000000bb6c                uip_all_zeroes_addr
                0x000000000000bb70                uip_broadcast_addr
 .rodata        0x000000000000bb74        0xa contiki-sky.a(uip-over-mesh.o)
 .rodata        0x000000000000bb7e        0xd contiki-sky.a(tcpip.o)
 *fill*         0x000000000000bb8b        0x1 00
 .rodata        0x000000000000bb8c        0xc contiki-sky.a(rime.o)
                0x000000000000bb92                rime_driver
 .rodata        0x000000000000bb98        0x4 contiki-sky.a(broadcast-annou)
 .rodata        0x000000000000bb9c        0xa contiki-sky.a(trickle.o)
 .rodata        0x000000000000bba6        0x8 contiki-sky.a(broadcast.o)
 .rodata        0x000000000000bbae        0xa contiki-sky.a(route-discovery)
 .rodata        0x000000000000bbb8        0xa contiki-sky.a(unicast.o)
 .rodata        0x000000000000bbc2        0x2 contiki-sky.a(abc.o)
 .rodata        0x000000000000bbc4        0x6 contiki-sky.a(netflood.o)
 .rodata        0x000000000000bbca       0x14 contiki-sky.a(csma.o)
                0x000000000000bbd0                csma_driver
 .rodata        0x000000000000bbde        0x2 contiki-sky.a(linkaddr.o)
                0x000000000000bbde                linkaddr_null
 .rodata        0x000000000000bbe0       0x1c contiki-sky.a(contikimac.o)
                0x000000000000bbec                contikimac_driver
 .rodata        0x000000000000bbfc        0x8 contiki-sky.a(contikimac-fram)
                0x000000000000bbfc                contikimac_framer
 .rodata        0x000000000000bc04       0x14 contiki-sky.a(nullsec.o)
                0x000000000000bc0c                nullsec_driver
 .rodata        0x000000000000bc18       0x10 contiki-sky.a(chameleon-bitop)
                0x000000000000bc18                chameleon_bitopt
 .rodata        0x000000000000bc28        0x4 contiki-sky.a(ipolite.o)
 .rodata        0x000000000000bc2c        0x8 contiki-sky.a(framer-802154.o)
                0x000000000000bc2c                framer_802154
 .rodata        0x000000000000bc34        0x2 contiki-sky.a(frame802154.o)
 .rodata        0x000000000000bc36        0x8 /home/tkn/.local/contiki-src/mspgcc-4.7.3/bin/../lib/gcc/msp430/4.7.3/mmpy-16/libgcc.a(_thenan_sf.o)
                0x000000000000bc36                __thenan_sf
 .rodata.vuprintf
                0x000000000000bc3e        0x7 /home/tkn/.local/contiki-src/mspgcc-4.7.3/bin/../lib/gcc/msp430/4.7.3/../../../../msp430/lib/mmpy-16/libc.a(vuprintf.o)
 *(.near.rodata .near.rodata.*)
                0x000000000000bc46                . = ALIGN (0x2)
                0x000000000000bc46                _etext = .

.data           0x0000000000001100       0xb8 load address 0x000000000000bc46
                0x0000000000001100                . = ALIGN (0x2)
                0x0000000000001100                __data_start = .
 *(.data .data.* .gnu.linkonce.d.*)
 .data          0x0000000000001100       0x1e energy.co
                0x0000000000001100                energy_pt
                0x000000000000110a                btn_pt
                0x0000000000001114                led_pt
 .data          0x000000000000111e       0x18 obj_sky/contiki-sky-main.o
 .data          0x0000000000001136        0x4 contiki-sky.a(contiki-sky-pla)
                0x0000000000001136                sensors
 .data          0x000000000000113a        0xa contiki-sky.a(sensors.o)
                0x000000000000113a                sensors_process
 .data          0x0000000000001144        0xa contiki-sky.a(cc2420.o)
                0x0000000000001144                cc2420_process
 .data          0x000000000000114e        0xa contiki-sky.a(slip.o)
                0x000000000000114e                slip_process
 .data          0x0000000000001158        0x2 contiki-sky.a(msp430.o)
 .data          0x000000000000115a        0xa contiki-sky.a(ctimer.o)
                0x000000000000115a                ctimer_process
 .data          0x0000000000001164        0xa contiki-sky.a(etimer.o)
                0x0000000000001164                etimer_process
 .data          0x000000000000116e        0xa contiki-sky.a(uip-fw-drv.o)
                0x000000000000116e                uip_fw_process
 .data          0x0000000000001178        0xa contiki-sky.a(tcpip.o)
                0x0000000000001178                tcpip_process
 .data          0x0000000000001182        0xa contiki-sky.a(route.o)
 .data          0x000000000000118c       0x18 contiki-sky.a(csma.o)
 .data          0x00000000000011a4       0x10 contiki-sky.a(queuebuf.o)
 .data.next     0x00000000000011b4        0x4 /home/tkn/.local/contiki-src/mspgcc-4.7.3/bin/../lib/gcc/msp430/4.7.3/../../../../msp430/lib/mmpy-16/libc.a(rand.o)
 *(.near.data .near.data.*)
                0x00000000000011b8                . = ALIGN (0x2)
                0x00000000000011b8                _edata = .
                0x000000000000bc46                __data_load_start = LOADADDR (.data)
                0x00000000000000b8                __data_size = SIZEOF (.data)

.bss            0x00000000000011b8     0x164c load address 0x000000000000bcfe
                0x00000000000011b8                __bss_start = .
 *(.bss .bss.*)
 .bss           0x00000000000011b8       0x14 energy.co
 .bss           0x00000000000011cc        0xe obj_sky/contiki-sky-main.o
 .bss           0x00000000000011da        0x8 contiki-sky.a(button-sensor.o)
 .bss           0x00000000000011e2        0x2 contiki-sky.a(node-id.o)
                0x00000000000011e2                node_id
 .bss           0x00000000000011e4        0x6 contiki-sky.a(sensors.o)
 .bss           0x00000000000011ea        0x8 contiki-sky.a(cc2420.o)
 .bss           0x00000000000011f2       0x9a contiki-sky.a(uart1.o)
 .bss           0x000000000000128c        0x1 contiki-sky.a(slip_uart1.o)
 *fill*         0x000000000000128d        0x1 00
 .bss           0x000000000000128e       0x88 contiki-sky.a(slip.o)
 .bss           0x0000000000001316        0xa contiki-sky.a(clock.o)
 .bss           0x0000000000001320        0x1 contiki-sky.a(leds.o)
 *fill*         0x0000000000001321        0x1 00
 .bss           0x0000000000001322        0x2 contiki-sky.a(watchdog.o)
 .bss           0x0000000000001324        0x4 contiki-sky.a(ctimer.o)
 .bss           0x0000000000001328        0x6 contiki-sky.a(etimer.o)
 .bss           0x000000000000132e       0x42 contiki-sky.a(process.o)
                0x000000000000132e                process_current
                0x0000000000001330                process_list
 .bss           0x0000000000001370        0x2 contiki-sky.a(rtimer.o)
 .bss           0x0000000000001372      0x1a8 contiki-sky.a(uip-fw.o)
 .bss           0x000000000000151a       0x14 contiki-sky.a(uip.o)
                0x000000000000151a                uip_lladdr
 .bss           0x000000000000152e       0xd2 contiki-sky.a(uip-over-mesh.o)
 .bss           0x0000000000001600       0x36 contiki-sky.a(tcpip.o)
 .bss           0x0000000000001636        0x2 contiki-sky.a(rime.o)
 .bss           0x0000000000001638       0x46 contiki-sky.a(broadcast-annou)
 .bss           0x000000000000167e        0x1 contiki-sky.a(route-discovery)
 *fill*         0x000000000000167f        0x1 00
 .bss           0x0000000000001680       0x7e contiki-sky.a(route.o)
 .bss           0x00000000000016fe        0x2 contiki-sky.a(channel.o)
 .bss           0x0000000000001700        0x6 contiki-sky.a(announcement.o)
 .bss           0x0000000000001706      0x128 contiki-sky.a(csma.o)
 .bss           0x000000000000182e      0xc20 contiki-sky.a(queuebuf.o)
 .bss           0x000000000000244e       0xb8 contiki-sky.a(packetbuf.o)
 .bss           0x0000000000002506       0x32 contiki-sky.a(contikimac.o)
 .bss           0x0000000000002538        0x8 contiki-sky.a(compower.o)
 .bss           0x0000000000002540       0x40 contiki-sky.a(mac-sequence.o)
 .bss           0x0000000000002580        0x2 contiki-sky.a(framer-802154.o)
 *(.near.bss .near.bss.*)
 *(COMMON)
 COMMON         0x0000000000002582        0x2 contiki-sky.a(contiki-sky-pla)
                0x0000000000002582                sensors_flags
 COMMON         0x0000000000002584        0x8 contiki-sky.a(ds2411.o)
                0x0000000000002584                ds2411_id
 COMMON         0x000000000000258c        0x1 contiki-sky.a(sensors.o)
                0x000000000000258c                sensors_event
 *fill*         0x000000000000258d        0x1 00
 COMMON         0x000000000000258e       0x10 contiki-sky.a(cc2420.o)
                0x000000000000258e                cc2420_last_rssi
                0x0000000000002590                cc2420_sfd_start_time
                0x0000000000002592                cc2420_time_of_departure
                0x0000000000002594                cc2420_time_of_arrival
                0x0000000000002596                cc2420_last_correlation
                0x0000000000002598                cc2420_authority_level_of_sender
                0x000000000000259a                cc2420_sfd_counter
                0x000000000000259c                cc2420_sfd_end_time
 COMMON         0x000000000000259e        0x1 contiki-sky.a(slip.o)
                0x000000000000259e                slip_active
 *fill*         0x000000000000259f        0x1 00
 COMMON         0x00000000000025a0        0x2 contiki-sky.a(msp430.o)
                0x00000000000025a0                msp430_dco_required
 COMMON         0x00000000000025a2       0x56 contiki-sky.a(energest.o)
                0x00000000000025a2                energest_total_time
                0x00000000000025d2                energest_total_count
                0x00000000000025d4                energest_current_mode
                0x00000000000025e0                energest_current_time
 COMMON         0x00000000000025f8        0x1 contiki-sky.a(process.o)
                0x00000000000025f8                process_maxevents
 *fill*         0x00000000000025f9        0x1 00
 COMMON         0x00000000000025fa      0x1c2 contiki-sky.a(uip.o)
                0x00000000000025fa                uip_len
                0x00000000000025fc                uip_sappdata
                0x00000000000025fe                uip_acc32
                0x0000000000002602                uip_aligned_buf
                0x000000000000266e                uip_flags
                0x0000000000002670                uip_udp_conn
                0x0000000000002672                uip_appdata
                0x0000000000002674                uip_conn
                0x0000000000002676                uip_conns
                0x00000000000026f6                uip_listenports
                0x0000000000002706                uip_draddr
                0x000000000000270a                uip_netmask
                0x000000000000270e                uip_hostaddr
                0x0000000000002712                uip_slen
                0x0000000000002714                uip_udp_conns
 COMMON         0x00000000000027bc        0x2 contiki-sky.a(tcpip.o)
                0x00000000000027bc                tcpip_is_forwarding
                0x00000000000027bd                tcpip_event
 COMMON         0x00000000000027be       0x3c contiki-sky.a(packetbuf.o)
                0x00000000000027be                packetbuf_addrs
                0x00000000000027c6                packetbuf_attrs
 COMMON         0x00000000000027fa        0x2 contiki-sky.a(linkaddr.o)
                0x00000000000027fa                linkaddr_node_addr
 COMMON         0x00000000000027fc        0x8 contiki-sky.a(compower.o)
                0x00000000000027fc                compower_idle_activity
                0x0000000000002804                . = ALIGN (0x2)
                0x0000000000002804                __bss_end = .
                0x000000000000164c                __bss_size = SIZEOF (.bss)

.noinit         0x0000000000002804        0x2 load address 0x000000000000bcfe
                0x0000000000002804                . = ALIGN (0x2)
                0x0000000000002804                __noinit_start = .
 *(.noinit .noinit.*)
 .noinit.crt0   0x0000000000002804        0x2 /home/tkn/.local/contiki-src/mspgcc-4.7.3/bin/../lib/gcc/msp430/4.7.3/mmpy-16/libcrt0.a(__watchdog_support.o)
                0x0000000000002804                __wdt_clear_value
                0x0000000000002806                . = ALIGN (0x2)
                0x0000000000002806                __noinit_end = .
                0x0000000000002806                . = ALIGN (0x2)
                0x0000000000002806                _end = .

.infomem        0x0000000000001000        0x0
                0x0000000000001000                . = ALIGN (0x2)
 *(.infomem .infomem.*)

.infomemnobits  0x0000000000001000        0x0
                0x0000000000001000                . = ALIGN (0x2)
 *(.infomemnobits .infomemnobits.*)

.infoa          0x0000000000001080        0x0
                0x0000000000001080                . = ALIGN (0x2)
 *(.infoa .infoa.*)

.infob          0x0000000000001000        0x0
                0x0000000000001000                . = ALIGN (0x2)
 *(.infob .infob.*)

.infoc          0x0000000000000000        0x0
                0x0000000000000000                . = ALIGN (0x2)
 *(.infoc .infoc.*)

.infod          0x0000000000000000        0x0
                0x0000000000000000                . = ALIGN (0x2)
 *(.infod .infod.*)
                0x000000000000ffff                PROVIDE (__vte_0, 0xffff)
                0x000000000000ffff                PROVIDE (__vte_1, 0xffff)
                0x000000000000ffff                PROVIDE (__vte_2, 0xffff)
                0x000000000000ffff                PROVIDE (__vte_3, 0xffff)
                0x000000000000ffff                PROVIDE (__vte_4, 0xffff)
                0x000000000000ffff                PROVIDE (__vte_5, 0xffff)
                0x000000000000ffff                PROVIDE (__vte_6, 0xffff)
                0x000000000000ffff                PROVIDE (__vte_7, 0xffff)
                0x000000000000ffff                PROVIDE (__vte_8, 0xffff)
                0x000000000000ffff                PROVIDE (__vte_9, 0xffff)
                0x000000000000ffff                PROVIDE (__vte_10, 0xffff)
                0x000000000000ffff                PROVIDE (__vte_11, 0xffff)
                0x000000000000ffff                PROVIDE (__vte_12, 0xffff)
                0x000000000000ffff                PROVIDE (__vte_13, 0xffff)
                0x000000000000ffff                PROVIDE (__vte_14, 0xffff)
                0x000000000000ffff                PROVIDE (__vte_15, 0xffff)
                0x000000000000ffff                PROVIDE (__vte_16, 0xffff)
                0x000000000000ffff                PROVIDE (__vte_17, 0xffff)
                0x000000000000ffff                PROVIDE (__vte_18, 0xffff)
                0x000000000000ffff                PROVIDE (__vte_19, 0xffff)
                0x000000000000ffff                PROVIDE (__vte_20, 0xffff)
                0x000000000000ffff                PROVIDE (__vte_21, 0xffff)
                0x000000000000ffff                PROVIDE (__vte_22, 0xffff)
                0x000000000000ffff                PROVIDE (__vte_23, 0xffff)
                0x000000000000ffff                PROVIDE (__vte_24, 0xffff)
                0x000000000000ffff                PROVIDE (__vte_25, 0xffff)
                0x000000000000ffff                PROVIDE (__vte_26, 0xffff)
                0x000000000000ffff                PROVIDE (__vte_27, 0xffff)
                0x000000000000ffff                PROVIDE (__vte_28, 0xffff)
                0x000000000000ffff                PROVIDE (__vte_29, 0xffff)
                0x000000000000ffff                PROVIDE (__vte_30, 0xffff)
                0x000000000000ffff                PROVIDE (__vte_31, 0xffff)

.vectors        0x000000000000ffe0       0x20
                0x000000000000ffe0                __vectors_start = .
 *(.vectors*)
 .vectors       0x000000000000ffe0       0x20 /home/tkn/.local/contiki-src/mspgcc-4.7.3/bin/../lib/gcc/msp430/4.7.3/mmpy-16/crt0ivtbl16.o
                0x000000000000ffe0                __ivtbl_16
                0x0000000000010000                _vectors_end = .

.fartext        0x0000000000000000        0x0
                0x0000000000000000                . = ALIGN (0x2)
 *(.fartext .fartext.*)

.far.text       0x0000000000000000        0x0
                0x0000000000000000                . = ALIGN (0x2)
 *(.far.text .far.text.*)

.far.rodata     0x0000000000000000        0x0
                0x0000000000000000                . = ALIGN (0x2)
 *(.far.rodata .far.rodata.*)
                0x0000000000000000                . = ALIGN (0x2)
                0x0000000000000000                _efartext = .

.far.data       0x0000000000000000        0x0
                0x0000000000000000                . = ALIGN (0x2)
                0x0000000000000000                __far_data_start = .
 *(.far.data .far.data.*)
                0x0000000000000000                . = ALIGN (0x2)
                0x0000000000000000                _efardata = .
                0x0000000000000000                __far_data_load_start = LOADADDR (.far.data)
                0x0000000000000000                __far_data_size = SIZEOF (.far.data)

.far.bss        0x0000000000000000        0x0
                0x0000000000000000                . = ALIGN (0x2)
                0x0000000000000000                __far_bss_start = .
 *(.far.bss .far.bss.*)
                0x0000000000000000                . = ALIGN (0x2)
                0x0000000000000000                __far_bss_end = .
                0x0000000000000000                __far_bss_size = SIZEOF (.far.bss)
                0x0000000000000000                . = ALIGN (0x2)
                0x0000000000000000                _far_end = .

.profiler
 *(.profiler)

.stab           0x0000000000000000    0x215dc
 *(.stab)
 .stab          0x0000000000000000      0xa44 energy.co
 .stab          0x0000000000000a44     0x141c obj_sky/contiki-sky-main.o
                                       0x195c (size before relaxing)
 .stab          0x0000000000001e60      0x288 contiki-sky.a(contiki-sky-pla)
                                        0x5ac (size before relaxing)
 .stab          0x00000000000020e8      0x468 contiki-sky.a(button-sensor.o)
                                        0x7d4 (size before relaxing)
 .stab          0x0000000000002550      0x624 contiki-sky.a(ds2411.o)
                                        0xb34 (size before relaxing)
 .stab          0x0000000000002b74      0xb4c contiki-sky.a(xmem.o)
                                        0xf00 (size before relaxing)
 .stab          0x00000000000036c0      0x2b8 contiki-sky.a(node-id.o)
                                        0x4e0 (size before relaxing)
 .stab          0x0000000000003978      0x684 contiki-sky.a(sensors.o)
                                        0xbb8 (size before relaxing)
 .stab          0x0000000000003ffc     0x2574 contiki-sky.a(cc2420.o)
                                       0x2c40 (size before relaxing)
 .stab          0x0000000000006570      0xab0 contiki-sky.a(cc2420-arch.o)
                                       0x13f8 (size before relaxing)
 .stab          0x0000000000007020      0x600 contiki-sky.a(uart1.o)
                                        0x954 (size before relaxing)
 .stab          0x0000000000007620      0x330 contiki-sky.a(slip_uart1.o)
                                        0x684 (size before relaxing)
 .stab          0x0000000000007950      0xb70 contiki-sky.a(slip.o)
                                       0x1308 (size before relaxing)
 .stab          0x00000000000084c0      0x72c contiki-sky.a(msp430.o)
                                        0xa80 (size before relaxing)
 .stab          0x0000000000008bec      0x930 contiki-sky.a(clock.o)
                                        0xc84 (size before relaxing)
 .stab          0x000000000000951c      0x5a0 contiki-sky.a(leds.o)
                                        0x7ec (size before relaxing)
 .stab          0x0000000000009abc      0x378 contiki-sky.a(leds-arch.o)
                                        0x6cc (size before relaxing)
 .stab          0x0000000000009e34      0x3cc contiki-sky.a(watchdog.o)
                                        0x720 (size before relaxing)
 .stab          0x000000000000a200      0x3b4 contiki-sky.a(rtimer-arch.o)
                                        0x708 (size before relaxing)
 .stab          0x000000000000a5b4      0x294 contiki-sky.a(autostart.o)
                                        0x534 (size before relaxing)
 .stab          0x000000000000a848      0x78c contiki-sky.a(ctimer.o)
                                        0xaf8 (size before relaxing)
 .stab          0x000000000000afd4      0x474 contiki-sky.a(energest.o)
                                        0x6fc (size before relaxing)
 .stab          0x000000000000b448      0x9fc contiki-sky.a(etimer.o)
                                        0xccc (size before relaxing)
 .stab          0x000000000000be44      0xb70 contiki-sky.a(process.o)
                                       0x1008 (size before relaxing)
 .stab          0x000000000000c9b4      0x3cc contiki-sky.a(rtimer.o)
                                        0x6b4 (size before relaxing)
 .stab          0x000000000000cd80      0x348 contiki-sky.a(timer.o)
                                        0x588 (size before relaxing)
 .stab          0x000000000000d0c8      0x7bc contiki-sky.a(list.o)
                                        0x7c8 (size before relaxing)
 .stab          0x000000000000d884      0x240 contiki-sky.a(random.o)
                                        0x618 (size before relaxing)
 .stab          0x000000000000dac4      0x960 contiki-sky.a(uip-fw.o)
                                       0x10d4 (size before relaxing)
 .stab          0x000000000000e424      0x2dc contiki-sky.a(uip-fw-drv.o)
                                        0xa38 (size before relaxing)
 .stab          0x000000000000e700     0x240c contiki-sky.a(uip.o)
                                       0x2b74 (size before relaxing)
 .stab          0x0000000000010b0c      0xb88 contiki-sky.a(uip-over-mesh.o)
                                       0x180c (size before relaxing)
 .stab          0x0000000000011694     0x1044 contiki-sky.a(tcpip.o)
                                       0x1ea8 (size before relaxing)
 .stab          0x00000000000126d8      0xcb4 contiki-sky.a(rime.o)
                                       0x13f8 (size before relaxing)
 .stab          0x000000000001338c      0x96c contiki-sky.a(broadcast-annou)
                                       0x15c0 (size before relaxing)
 .stab          0x0000000000013cf8      0x7c8 contiki-sky.a(trickle.o)
                                       0x1074 (size before relaxing)
 .stab          0x00000000000144c0      0x6cc contiki-sky.a(broadcast.o)
                                       0x1500 (size before relaxing)
 .stab          0x0000000000014b8c      0xa08 contiki-sky.a(route-discovery)
                                       0x16b0 (size before relaxing)
 .stab          0x0000000000015594      0x9e4 contiki-sky.a(route.o)
                                        0xedc (size before relaxing)
 .stab          0x0000000000015f78      0x5dc contiki-sky.a(chameleon.o)
                                       0x1230 (size before relaxing)
 .stab          0x0000000000016554      0x600 contiki-sky.a(channel.o)
                                       0x1278 (size before relaxing)
 .stab          0x0000000000016b54      0x618 contiki-sky.a(unicast.o)
                                       0x1290 (size before relaxing)
 .stab          0x000000000001716c      0x660 contiki-sky.a(abc.o)
                                       0x1494 (size before relaxing)
 .stab          0x00000000000177cc      0x750 contiki-sky.a(netflood.o)
                                       0x1014 (size before relaxing)
 .stab          0x0000000000017f1c      0x6b4 contiki-sky.a(announcement.o)
                                        0x954 (size before relaxing)
 .stab          0x00000000000185d0      0xdec contiki-sky.a(csma.o)
                                       0x159c (size before relaxing)
 .stab          0x00000000000193bc      0xa38 contiki-sky.a(queuebuf.o)
                                       0x186c (size before relaxing)
 .stab          0x0000000000019df4      0xd74 contiki-sky.a(packetbuf.o)
                                       0x1bc0 (size before relaxing)
 .stab          0x000000000001ab68      0x2ac contiki-sky.a(linkaddr.o)
                                        0x6a8 (size before relaxing)
 .stab          0x000000000001ae14     0x17ac contiki-sky.a(contikimac.o)
                                       0x23b8 (size before relaxing)
 .stab          0x000000000001c5c0      0x6d8 contiki-sky.a(contikimac-fram)
                                        0xf18 (size before relaxing)
 .stab          0x000000000001cc98      0x684 contiki-sky.a(nullsec.o)
                                        0xd80 (size before relaxing)
 .stab          0x000000000001d31c      0x1f8 contiki-sky.a(spi.o)
                                        0x420 (size before relaxing)
 .stab          0x000000000001d514      0x300 contiki-sky.a(uip-ipchksum.o)
                                        0xa50 (size before relaxing)
 .stab          0x000000000001d814      0x4ec contiki-sky.a(compower.o)
                                        0xcf0 (size before relaxing)
 .stab          0x000000000001dd00      0x5c4 contiki-sky.a(memb.o)
                                        0xaf8 (size before relaxing)
 .stab          0x000000000001e2c4      0xd44 contiki-sky.a(chameleon-bitop)
                                       0x19bc (size before relaxing)
 .stab          0x000000000001f008      0x8b8 contiki-sky.a(ipolite.o)
                                       0x153c (size before relaxing)
 .stab          0x000000000001f8c0      0x600 contiki-sky.a(mac-sequence.o)
                                       0x144c (size before relaxing)
 .stab          0x000000000001fec0      0x918 contiki-sky.a(framer-802154.o)
                                        0xf54 (size before relaxing)
 .stab          0x00000000000207d8      0x8f4 contiki-sky.a(frame802154.o)
                                       0x10c8 (size before relaxing)
 .stab          0x00000000000210cc      0x1f8 contiki-sky.a(mac.o)
                                        0x4ec (size before relaxing)
 .stab          0x00000000000212c4      0x318 contiki-sky.a(framer.o)
                                        0xc54 (size before relaxing)

.stabstr        0x0000000000000000    0x19501
 *(.stabstr)
 .stabstr       0x0000000000000000    0x19501 energy.co

.stab.excl
 *(.stab.excl)

.stab.exclstr
 *(.stab.exclstr)

.stab.index
 *(.stab.index)

.stab.indexstr
 *(.stab.indexstr)

.comment        0x0000000000000000       0x30
 *(.comment)
 .comment       0x0000000000000000       0x30 energy.co
                                         0x31 (size before relaxing)
 .comment       0x0000000000000000       0x31 obj_sky/contiki-sky-main.o