Archive member included because of file (symbol)

contiki-sky.a(contiki-sky-pla)
                              obj_sky/contiki-sky-main.o (init_platform)
contiki-sky.a(button-sensor.o)
                              tx_node.co (button_sensor)
contiki-sky.a(ds2411.o)       obj_sky/contiki-sky-main.o (ds2411_init)
contiki-sky.a(xmem.o)         obj_sky/contiki-sky-main.o (xmem_init)
contiki-sky.a(node-id.o)      obj_sky/contiki-sky-main.o (node_id_restore)
contiki-sky.a(sensors.o)      contiki-sky.a(button-sensor.o) (sensors_changed)
contiki-sky.a(cc2420.o)       obj_sky/contiki-sky-main.o (cc2420_set_pan_addr)
contiki-sky.a(cc2420-arch.o)  contiki-sky.a(cc2420.o) (cc2420_arch_init)
contiki-sky.a(uart1.o)        obj_sky/contiki-sky-main.o (uart1_active)
contiki-sky.a(slip_uart1.o)   obj_sky/contiki-sky-main.o (putchar)
contiki-sky.a(slip.o)         obj_sky/contiki-sky-main.o (slip_set_input_callback)
contiki-sky.a(msp430.o)       contiki-sky.a(uart1.o) (msp430_add_lpm_req)
contiki-sky.a(clock.o)        obj_sky/contiki-sky-main.o (clock_init)
contiki-sky.a(leds.o)         obj_sky/contiki-sky-main.o (leds_init)
contiki-sky.a(leds-arch.o)    contiki-sky.a(leds.o) (leds_arch_init)
contiki-sky.a(watchdog.o)     obj_sky/contiki-sky-main.o (watchdog_start)
contiki-sky.a(rtimer-arch.o)  obj_sky/contiki-sky-main.o (rtimer_arch_now)
contiki-sky.a(autostart.o)    obj_sky/contiki-sky-main.o (autostart_start)
contiki-sky.a(ctimer.o)       obj_sky/contiki-sky-main.o (ctimer_init)
contiki-sky.a(energest.o)     obj_sky/contiki-sky-main.o (energest_init)
contiki-sky.a(etimer.o)       contiki-sky.a(clock.o) (etimer_request_poll)
contiki-sky.a(process.o)      contiki-sky.a(ctimer.o) (process_current)
contiki-sky.a(rtimer.o)       obj_sky/contiki-sky-main.o (rtimer_init)
contiki-sky.a(timer.o)        obj_sky/contiki-sky-main.o (timer_set)
contiki-sky.a(list.o)         contiki-sky.a(ctimer.o) (list_init)
contiki-sky.a(random.o)       obj_sky/contiki-sky-main.o (random_init)
contiki-sky.a(uip-fw.o)       obj_sky/contiki-sky-main.o (uip_fw_default)
contiki-sky.a(uip-fw-drv.o)   obj_sky/contiki-sky-main.o (uip_fw_process)
contiki-sky.a(uip.o)          contiki-sky.a(slip.o) (uip_aligned_buf)
contiki-sky.a(uip-over-mesh.o)
                              obj_sky/contiki-sky-main.o (uip_over_mesh_init)
contiki-sky.a(tcpip.o)        contiki-sky.a(uip-fw-drv.o) (tcpip_set_outputfunc)
contiki-sky.a(rime.o)         obj_sky/contiki-sky-main.o (rime_driver)
contiki-sky.a(broadcast-annou)
                              contiki-sky.a(rime.o) (broadcast_announcement_init)
contiki-sky.a(trickle.o)      contiki-sky.a(uip-over-mesh.o) (trickle_open)
contiki-sky.a(broadcast.o)    tx_node.co (broadcast_open)
contiki-sky.a(route-discovery)
                              contiki-sky.a(uip-over-mesh.o) (route_discovery_open)
contiki-sky.a(route.o)        contiki-sky.a(uip-over-mesh.o) (route_init)
contiki-sky.a(chameleon.o)    contiki-sky.a(rime.o) (chameleon_init)
contiki-sky.a(channel.o)      contiki-sky.a(chameleon.o) (channel_init)
contiki-sky.a(unicast.o)      contiki-sky.a(uip-over-mesh.o) (unicast_open)
contiki-sky.a(abc.o)          contiki-sky.a(broadcast.o) (abc_open)
contiki-sky.a(netflood.o)     contiki-sky.a(route-discovery) (netflood_open)
contiki-sky.a(announcement.o)
                              contiki-sky.a(rime.o) (announcement_init)
contiki-sky.a(csma.o)         obj_sky/contiki-sky-main.o (csma_driver)
contiki-sky.a(queuebuf.o)     contiki-sky.a(rime.o) (queuebuf_init)
contiki-sky.a(packetbuf.o)    contiki-sky.a(rime.o) (packetbuf_compact)
contiki-sky.a(linkaddr.o)     obj_sky/contiki-sky-main.o (linkaddr_copy)
contiki-sky.a(contikimac.o)   obj_sky/contiki-sky-main.o (contikimac_driver)
contiki-sky.a(contikimac-fram)
                              contiki-sky.a(contikimac.o) (contikimac_framer)
contiki-sky.a(nullsec.o)      obj_sky/contiki-sky-main.o (nullsec_driver)
contiki-sky.a(spi.o)          contiki-sky.a(xmem.o) (spi_init)
contiki-sky.a(uip-ipchksum.o)
                              contiki-sky.a(slip.o) (uip_ipchksum)
contiki-sky.a(compower.o)     contiki-sky.a(contikimac.o) (compower_idle_activity)
contiki-sky.a(memb.o)         contiki-sky.a(route.o) (memb_init)
contiki-sky.a(chameleon-bitop)
                              contiki-sky.a(chameleon.o) (chameleon_bitopt)
contiki-sky.a(ipolite.o)      contiki-sky.a(netflood.o) (ipolite_open)
contiki-sky.a(mac-sequence.o)
                              contiki-sky.a(contikimac.o) (mac_sequence_is_duplicate)
contiki-sky.a(framer-802154.o)
                              contiki-sky.a(contikimac-fram) (framer_802154)
contiki-sky.a(frame802154.o)  contiki-sky.a(framer-802154.o) (frame802154_hdrlen)
contiki-sky.a(mac.o)          contiki-sky.a(csma.o) (mac_call_sent_callback)
contiki-sky.a(framer.o)       contiki-sky.a(framer-802154.o) (framer_canonical_create_and_secure)
/home/tkn/.local/contiki-src/mspgcc-4.7.3/bin/../lib/gcc/msp430/4.7.3/mmpy-16/libgcc.a(_mulsi3.o)
[...]
Memory Configuration

Name             Origin             Length             Attributes
sfr              0x0000000000000000 0x0000000000000010
peripheral_8bit  0x0000000000000010 0x00000000000000f0
peripheral_16bit 0x0000000000000100 0x0000000000000100
ram_mirror       0x0000000000000200 0x0000000000000800 xw
infomem          0x0000000000001000 0x0000000000000100
infob            0x0000000000001000 0x0000000000000080
infoa            0x0000000000001080 0x0000000000000080
ram              0x0000000000001100 0x0000000000002800 xw
rom              0x0000000000004000 0x000000000000bfe0 xr
vectors          0x000000000000ffe0 0x0000000000000020
bsl              0x0000000000000000 0x0000000000000000
infoc            0x0000000000000000 0x0000000000000000
infod            0x0000000000000000 0x0000000000000000
ram2             0x0000000000000000 0x0000000000000000 xw
usbram           0x0000000000000000 0x0000000000000000 xw
far_rom          0x0000000000000000 0x0000000000000000
*default*        0x0000000000000000 0xffffffffffffffff

Linker script and memory map

LOAD /home/tkn/.local/contiki-src/mspgcc-4.7.3/bin/../lib/gcc/msp430/4.7.3/mmpy-16/crt0ivtbl16.o
LOAD tx_node.co
LOAD obj_sky/contiki-sky-main.o
LOAD contiki-sky.a
LOAD /home/tkn/.local/contiki-src/mspgcc-4.7.3/bin/../lib/gcc/msp430/4.7.3/mmpy-16/libgcc.a
LOAD /home/tkn/.local/contiki-src/mspgcc-4.7.3/bin/../lib/gcc/msp430/4.7.3/../../../../msp430/lib/mmpy-16/libc.a
LOAD /home/tkn/.local/contiki-src/mspgcc-4.7.3/bin/../lib/gcc/msp430/4.7.3/mmpy-16/libgcc.a
LOAD /home/tkn/.local/contiki-src/mspgcc-4.7.3/bin/../lib/gcc/msp430/4.7.3/mmpy-16/libcrt0.a
                0x0000000000000080                PROVIDE (__info_segment_size, 0x80)
                0x0000000000001000                PROVIDE (__infob, 0x1000)
                0x0000000000001080                PROVIDE (__infoa, 0x1080)
                0x0000000000000000                __IE1 = 0x0
                0x0000000000000002                __IFG1 = 0x2
                0x0000000000000004                __ME1 = 0x4
                0x0000000000000001                __IE2 = 0x1
                0x0000000000000003                __IFG2 = 0x3
                0x0000000000000005                __ME2 = 0x5
                0x0000000000000120                __WDTCTL = 0x120
                0x0000000000000130                __MPY = 0x130
                0x0000000000000132                __MPYS = 0x132
                0x0000000000000134                __MAC = 0x134
                0x0000000000000136                __MACS = 0x136
                0x0000000000000138                __OP2 = 0x138
                0x000000000000013a                __RESLO = 0x13a
                0x000000000000013c                __RESHI = 0x13c
                0x000000000000013e                __SUMEXT = 0x13e
                0x0000000000000020                __P1IN = 0x20
                0x0000000000000021                __P1OUT = 0x21
                0x0000000000000022                __P1DIR = 0x22
                0x0000000000000023                __P1IFG = 0x23
                0x0000000000000024                __P1IES = 0x24
                0x0000000000000025                __P1IE = 0x25
                0x0000000000000026                __P1SEL = 0x26
                0x0000000000000028                __P2IN = 0x28
                0x0000000000000029                __P2OUT = 0x29
                0x000000000000002a                __P2DIR = 0x2a
                0x000000000000002b                __P2IFG = 0x2b
                0x000000000000002c                __P2IES = 0x2c
                0x000000000000002d                __P2IE = 0x2d
                0x000000000000002e                __P2SEL = 0x2e
                0x0000000000000018                __P3IN = 0x18
                0x0000000000000019                __P3OUT = 0x19
                0x000000000000001a                __P3DIR = 0x1a
                0x000000000000001b                __P3SEL = 0x1b
                0x000000000000001c                __P4IN = 0x1c
                0x000000000000001d                __P4OUT = 0x1d
                0x000000000000001e                __P4DIR = 0x1e
                0x000000000000001f                __P4SEL = 0x1f
                0x0000000000000030                __P5IN = 0x30
                0x0000000000000031                __P5OUT = 0x31
                0x0000000000000032                __P5DIR = 0x32
                0x0000000000000033                __P5SEL = 0x33
                0x0000000000000034                __P6IN = 0x34
                0x0000000000000035                __P6OUT = 0x35
                0x0000000000000036                __P6DIR = 0x36
                0x0000000000000037                __P6SEL = 0x37
                0x0000000000000070                __U0CTL = 0x70
                0x0000000000000071                __U0TCTL = 0x71
                0x0000000000000072                __U0RCTL = 0x72
                0x0000000000000073                __U0MCTL = 0x73
                0x0000000000000074                __U0BR0 = 0x74
                0x0000000000000075                __U0BR1 = 0x75
                0x0000000000000076                __U0RXBUF = 0x76
                0x0000000000000077                __U0TXBUF = 0x77
                0x0000000000000078                __U1CTL = 0x78
                0x0000000000000079                __U1TCTL = 0x79
                0x000000000000007a                __U1RCTL = 0x7a
                0x000000000000007b                __U1MCTL = 0x7b
                0x000000000000007c                __U1BR0 = 0x7c
                0x000000000000007d                __U1BR1 = 0x7d
                0x000000000000007e                __U1RXBUF = 0x7e
                0x000000000000007f                __U1TXBUF = 0x7f
                0x0000000000000050                __I2CIE = 0x50
                0x0000000000000051                __I2CIFG = 0x51
                0x0000000000000052                __I2CNDAT = 0x52
                0x0000000000000071                __I2CTCTL = 0x71
                0x0000000000000072                __I2CDCTL = 0x72
                0x0000000000000073                __I2CPSC = 0x73
                0x0000000000000074                __I2CSCLH = 0x74
                0x0000000000000075                __I2CSCLL = 0x75
                0x0000000000000076                __I2CDRB = 0x76
                0x0000000000000076                __I2CDRW = 0x76
                0x0000000000000118                __I2COA = 0x118
                0x000000000000011a                __I2CSA = 0x11a
                0x000000000000011c                __I2CIV = 0x11c
                0x000000000000012e                __TAIV = 0x12e
                0x0000000000000160                __TACTL = 0x160
                0x0000000000000162                __TACCTL0 = 0x162
                0x0000000000000164                __TACCTL1 = 0x164
                0x0000000000000166                __TACCTL2 = 0x166
                0x0000000000000170                __TAR = 0x170
                0x0000000000000172                __TACCR0 = 0x172
                0x0000000000000174                __TACCR1 = 0x174
                0x0000000000000176                __TACCR2 = 0x176
                0x000000000000011e                __TBIV = 0x11e
                0x0000000000000180                __TBCTL = 0x180
                0x0000000000000182                __TBCCTL0 = 0x182
                0x0000000000000184                __TBCCTL1 = 0x184
                0x0000000000000186                __TBCCTL2 = 0x186
                0x0000000000000188                __TBCCTL3 = 0x188
                0x000000000000018a                __TBCCTL4 = 0x18a
                0x000000000000018c                __TBCCTL5 = 0x18c
                0x000000000000018e                __TBCCTL6 = 0x18e
                0x0000000000000190                __TBR = 0x190
                0x0000000000000192                __TBCCR0 = 0x192
                0x0000000000000194                __TBCCR1 = 0x194
                0x0000000000000196                __TBCCR2 = 0x196
                0x0000000000000198                __TBCCR3 = 0x198
                0x000000000000019a                __TBCCR4 = 0x19a
                0x000000000000019c                __TBCCR5 = 0x19c
                0x000000000000019e                __TBCCR6 = 0x19e
                0x0000000000000056                __DCOCTL = 0x56
                0x0000000000000057                __BCSCTL1 = 0x57
                0x0000000000000058                __BCSCTL2 = 0x58
                0x0000000000000055                __SVSCTL = 0x55
                0x0000000000000128                __FCTL1 = 0x128
                0x000000000000012a                __FCTL2 = 0x12a
                0x000000000000012c                __FCTL3 = 0x12c
                0x0000000000000059                __CACTL1 = 0x59
                0x000000000000005a                __CACTL2 = 0x5a
                0x000000000000005b                __CAPD = 0x5b
                0x00000000000001a0                __ADC12CTL0 = 0x1a0
                0x00000000000001a2                __ADC12CTL1 = 0x1a2
                0x00000000000001a4                __ADC12IFG = 0x1a4
                0x00000000000001a6                __ADC12IE = 0x1a6
                0x00000000000001a8                __ADC12IV = 0x1a8
                0x0000000000000140                __ADC12MEM0 = 0x140
                0x0000000000000142                __ADC12MEM1 = 0x142
                0x0000000000000144                __ADC12MEM2 = 0x144
                0x0000000000000146                __ADC12MEM3 = 0x146
                0x0000000000000148                __ADC12MEM4 = 0x148
                0x000000000000014a                __ADC12MEM5 = 0x14a
                0x000000000000014c                __ADC12MEM6 = 0x14c
                0x000000000000014e                __ADC12MEM7 = 0x14e
                0x0000000000000150                __ADC12MEM8 = 0x150
                0x0000000000000152                __ADC12MEM9 = 0x152
                0x0000000000000154                __ADC12MEM10 = 0x154
                0x0000000000000156                __ADC12MEM11 = 0x156
                0x0000000000000158                __ADC12MEM12 = 0x158
                0x000000000000015a                __ADC12MEM13 = 0x15a
                0x000000000000015c                __ADC12MEM14 = 0x15c
                0x000000000000015e                __ADC12MEM15 = 0x15e
                0x0000000000000080                __ADC12MCTL0 = 0x80
                0x0000000000000081                __ADC12MCTL1 = 0x81
                0x0000000000000082                __ADC12MCTL2 = 0x82
                0x0000000000000083                __ADC12MCTL3 = 0x83
                0x0000000000000084                __ADC12MCTL4 = 0x84
                0x0000000000000085                __ADC12MCTL5 = 0x85
                0x0000000000000086                __ADC12MCTL6 = 0x86
                0x0000000000000087                __ADC12MCTL7 = 0x87
                0x0000000000000088                __ADC12MCTL8 = 0x88
                0x0000000000000089                __ADC12MCTL9 = 0x89
                0x000000000000008a                __ADC12MCTL10 = 0x8a
                0x000000000000008b                __ADC12MCTL11 = 0x8b
                0x000000000000008c                __ADC12MCTL12 = 0x8c
                0x000000000000008d                __ADC12MCTL13 = 0x8d
                0x000000000000008e                __ADC12MCTL14 = 0x8e
                0x000000000000008f                __ADC12MCTL15 = 0x8f
                0x00000000000001c0                __DAC12_0CTL = 0x1c0
                0x00000000000001c2                __DAC12_1CTL = 0x1c2
                0x00000000000001c8                __DAC12_0DAT = 0x1c8
                0x00000000000001ca                __DAC12_1DAT = 0x1ca
                0x0000000000000122                __DMACTL0 = 0x122
                0x0000000000000124                __DMACTL1 = 0x124
                0x00000000000001e0                __DMA0CTL = 0x1e0
                0x00000000000001e8                __DMA1CTL = 0x1e8
                0x00000000000001f0                __DMA2CTL = 0x1f0
                0x00000000000001e2                __DMA0SA = 0x1e2
                0x00000000000001e4                __DMA0DA = 0x1e4
                0x00000000000001e6                __DMA0SZ = 0x1e6
                0x00000000000001ea                __DMA1SA = 0x1ea
                0x00000000000001ec                __DMA1DA = 0x1ec
                0x00000000000001ee                __DMA1SZ = 0x1ee
                0x00000000000001f2                __DMA2SA = 0x1f2
                0x00000000000001f4                __DMA2DA = 0x1f4
                0x00000000000001f6                __DMA2SZ = 0x1f6

.hash
 *(.hash)

.dynsym
 *(.dynsym)

.dynstr
 *(.dynstr)

.gnu.version
 *(.gnu.version)

.gnu.version_d
 *(.gnu.version_d)

.gnu.version_r
 *(.gnu.version_r)

.rel.init
 *(.rel.init)

.rela.init
 *(.rela.init)

.rel.fini
 *(.rel.fini)

.rela.fini
 *(.rela.fini)

.rel.text
 *(.rel.text .rel.text.* .rel.gnu.linkonce.t.*)

.rela.text
 *(.rela.text .rela.text.* .rela.gnu.linkonce.t.*)

.rel.rodata
 *(.rel.rodata .rel.rodata.* .rel.gnu.linkonce.r.*)

.rela.rodata
 *(.rela.rodata .rela.rodata.* .rela.gnu.linkonce.r.*)

.rel.data
 *(.rel.data .rel.data.* .rel.gnu.linkonce.d.*)

.rela.data
 *(.rela.data .rela.data.* .rela.gnu.linkonce.d.*)

.rel.bss
 *(.rel.bss .rel.bss.* .rel.gnu.linkonce.b.*)

.rela.bss
 *(.rela.bss .rela.bss.* .rela.gnu.linkonce.b.*)

.rel.ctors
 *(.rel.ctors)

.rela.ctors
 *(.rela.ctors)

.rel.dtors
 *(.rel.dtors)

.rela.dtors
 *(.rela.dtors)

.rel.got
 *(.rel.got)

.rela.got
 *(.rela.got)

.rel.plt
 *(.rel.plt)

.rela.plt
 *(.rela.plt)

.text           0x0000000000004000     0x7070
                0x0000000000004000                . = ALIGN (0x2)
 *(.init .init.*)
 *(.init0)
 .init0         0x0000000000004000        0x0 /home/tkn/.local/contiki-src/mspgcc-4.7.3/bin/../lib/gcc/msp430/4.7.3/mmpy-16/libcrt0.a(_reset_vector__.o)
                0x0000000000004000                _reset_vector__
 *(.init1)
 .init1         0x0000000000004000        0xc /home/tkn/.local/contiki-src/mspgcc-4.7.3/bin/../lib/gcc/msp430/4.7.3/mmpy-16/libcrt0.a(__watchdog_support.o)
                0x0000000000004000                __watchdog_support
 *(.init2)
 .init2         0x000000000000400c        0x4 /home/tkn/.local/contiki-src/mspgcc-4.7.3/bin/../lib/gcc/msp430/4.7.3/mmpy-16/libcrt0.a(__init_stack.o)
                0x000000000000400c                __init_stack
 *(.init3)
 .init3         0x0000000000004010        0x0 /home/tkn/.local/contiki-src/mspgcc-4.7.3/bin/../lib/gcc/msp430/4.7.3/mmpy-16/libcrt0.a(__low_level_init.o)
                0x0000000000004010                __low_level_init
 *(.init4)
 .init4         0x0000000000004010       0x18 /home/tkn/.local/contiki-src/mspgcc-4.7.3/bin/../lib/gcc/msp430/4.7.3/mmpy-16/libcrt0.a(_copy_data.o)
                0x0000000000004010                __do_copy_data
 .init4         0x0000000000004028       0x16 /home/tkn/.local/contiki-src/mspgcc-4.7.3/bin/../lib/gcc/msp430/4.7.3/mmpy-16/libcrt0.a(_clear_bss.o)
                0x0000000000004028                __do_clear_bss
 *(.init5)
 *(.init6)
 *(.init7)
 *(.init8)
 *(.init9)
 .init9         0x000000000000403e      0x386 obj_sky/contiki-sky-main.o
                0x000000000000403e                main
 *(.fini9)
 .fini9         0x00000000000043c4        0x0 /home/tkn/.local/contiki-src/mspgcc-4.7.3/bin/../lib/gcc/msp430/4.7.3/mmpy-16/libcrt0.a(__stop_progExec__.o)
                0x00000000000043c4                __stop_progExec__
 *(.fini8)
 *(.fini7)
 *(.fini6)
 *(.fini5)
 *(.fini4)
 *(.fini3)
 *(.fini2)
 *(.fini1)
 *(.fini0)
 .fini0         0x00000000000043c4        0x6 /home/tkn/.local/contiki-src/mspgcc-4.7.3/bin/../lib/gcc/msp430/4.7.3/mmpy-16/libcrt0.a(_endless_loop__.o)
                0x00000000000043c4                _endless_loop__
 *(.fini .fini.*)
                0x00000000000043ca                . = ALIGN (0x2)
                0x00000000000043ca                __ctors_start = .
 *(.ctors)
                0x00000000000043ca                __ctors_end = .
                0x00000000000043ca                __dtors_start = .
 *(.dtors)
                0x00000000000043ca                __dtors_end = .
                0x00000000000043ca                . = ALIGN (0x2)
 *(.text .text.* .gnu.linkonce.t.*)
 .text          0x00000000000043ca        0x4 /home/tkn/.local/contiki-src/mspgcc-4.7.3/bin/../lib/gcc/msp430/4.7.3/mmpy-16/crt0ivtbl16.o
                0x00000000000043ca                __isr_14
                0x00000000000043ca                __isr_11
                0x00000000000043ca                __isr_2
                0x00000000000043ca                __isr_7
                0x00000000000043ca                __isr_0
                0x00000000000043ca                __isr_8
                0x00000000000043ca                __isr_3
                0x00000000000043ca                __isr_12
                0x00000000000043ca                __isr_13
                0x00000000000043ca                __isr_9
 .text.process_thread_energy_pt
                0x00000000000043ce       0x24 tx_node.co
 .text.process_thread_tx_pt
                0x00000000000043f2       0x9e tx_node.co
 .text.broadcast_recv
                0x0000000000004490       0x22 tx_node.co
 .text.set_gateway
                0x00000000000044b2       0x5a obj_sky/contiki-sky-main.o
 .text.start_network_layer
                0x000000000000450c       0x3c obj_sky/contiki-sky-main.o
 .text.init_platform
                0x0000000000004548        0xc contiki-sky.a(contiki-sky-pla)
                0x0000000000004548                init_platform
 .text.status   0x0000000000004554       0x18 contiki-sky.a(button-sensor.o)
 .text.value    0x000000000000456c       0x20 contiki-sky.a(button-sensor.o)
 .text.configure
                0x000000000000458c       0x4c contiki-sky.a(button-sensor.o)
 .text.irq_p2   0x00000000000045d8       0x88 contiki-sky.a(button-sensor.o)
                0x00000000000045d8                irq_p2
                0x00000000000045d8                __isr_1
 .text.owreadb  0x0000000000004660       0x50 contiki-sky.a(ds2411.o)
 .text.ds2411_init
                0x00000000000046b0      0x120 contiki-sky.a(ds2411.o)
                0x00000000000046b0                ds2411_init
 .text.wait_ready
                0x00000000000047d0       0x4a contiki-sky.a(xmem.o)
 .text.xmem_init
                0x000000000000481a       0x3c contiki-sky.a(xmem.o)
                0x000000000000481a                xmem_init
 .text.xmem_pread
                0x0000000000004856       0xda contiki-sky.a(xmem.o)
                0x0000000000004856                xmem_pread
 .text.node_id_restore
                0x0000000000004930       0x38 contiki-sky.a(node-id.o)
                0x0000000000004930                node_id_restore
 .text.process_thread_sensors_process
                0x0000000000004968       0xc2 contiki-sky.a(sensors.o)
 .text.sensors_changed
                0x0000000000004a2a       0x2a contiki-sky.a(sensors.o)
                0x0000000000004a2a                sensors_changed
 .text.get_object
                0x0000000000004a54        0x4 contiki-sky.a(cc2420.o)
 .text.set_object
                0x0000000000004a58        0x4 contiki-sky.a(cc2420.o)
 .text.strobe   0x0000000000004a5c       0x1c contiki-sky.a(cc2420.o)
 .text.getreg   0x0000000000004a78       0x4c contiki-sky.a(cc2420.o)
 .text.setreg   0x0000000000004ac4       0x4c contiki-sky.a(cc2420.o)
 .text.write_ram
                0x0000000000004b10       0x7c contiki-sky.a(cc2420.o)
 .text.write_fifo_buf
                0x0000000000004b8c       0x3c contiki-sky.a(cc2420.o)
 .text.get_status
                0x0000000000004bc8       0x20 contiki-sky.a(cc2420.o)
 .text.set_txpower
                0x0000000000004be8       0x24 contiki-sky.a(cc2420.o)
 .text.cc2420_receiving_packet
                0x0000000000004c0c        0xc contiki-sky.a(cc2420.o)
 .text.pending_packet
                0x0000000000004c18        0x8 contiki-sky.a(cc2420.o)
 .text.on       0x0000000000004c20       0x1e contiki-sky.a(cc2420.o)
 .text.wait_for_transmission
                0x0000000000004c3e       0x22 contiki-sky.a(cc2420.o)
 .text.wait_for_status
                0x0000000000004c60       0x28 contiki-sky.a(cc2420.o)
 .text.getrxdata
                0x0000000000004c88       0x50 contiki-sky.a(cc2420.o)
 .text.flushrx  0x0000000000004cd8       0x1a contiki-sky.a(cc2420.o)
 .text.off      0x0000000000004cf2       0x56 contiki-sky.a(cc2420.o)
 .text.RELEASE_LOCK
                0x0000000000004d48       0x28 contiki-sky.a(cc2420.o)
 .text.set_key  0x0000000000004d70       0x18 contiki-sky.a(cc2420.o)
 .text.cc2420_prepare
                0x0000000000004d88       0x3c contiki-sky.a(cc2420.o)
 .text.cc2420_on
                0x0000000000004dc4       0x22 contiki-sky.a(cc2420.o)
                0x0000000000004dc4                cc2420_on
 .text.cc2420_off
                0x0000000000004de6       0x30 contiki-sky.a(cc2420.o)
                0x0000000000004de6                cc2420_off
 .text.cc2420_cca
                0x0000000000004e16       0x68 contiki-sky.a(cc2420.o)
 .text.cc2420_read
                0x0000000000004e7e       0xac contiki-sky.a(cc2420.o)
 .text.process_thread_cc2420_process
                0x0000000000004f2a       0x54 contiki-sky.a(cc2420.o)
 .text.encrypt  0x0000000000004f7e       0x88 contiki-sky.a(cc2420.o)
 .text.cc2420_set_channel
                0x0000000000005006       0x3c contiki-sky.a(cc2420.o)
                0x0000000000005006                cc2420_set_channel
 .text.cc2420_set_pan_addr
                0x0000000000005042       0x4c contiki-sky.a(cc2420.o)
                0x0000000000005042                cc2420_set_pan_addr
 .text.cc2420_interrupt
                0x000000000000508e       0x16 contiki-sky.a(cc2420.o)
                0x000000000000508e                cc2420_interrupt
 .text.cc2420_set_txpower
                0x00000000000050a4        0xe contiki-sky.a(cc2420.o)
                0x00000000000050a4                cc2420_set_txpower
 .text.cc2420_get_txpower
                0x00000000000050b2       0x1e contiki-sky.a(cc2420.o)
                0x00000000000050b2                cc2420_get_txpower
 .text.cc2420_transmit
                0x00000000000050d0      0x12c contiki-sky.a(cc2420.o)
 .text.cc2420_send
                0x00000000000051fc       0x12 contiki-sky.a(cc2420.o)
 .text.cc2420_rssi
                0x000000000000520e       0x4c contiki-sky.a(cc2420.o)
                0x000000000000520e                cc2420_rssi
 .text.get_value
                0x000000000000525a       0xa8 contiki-sky.a(cc2420.o)
 .text.cc2420_set_cca_threshold
                0x0000000000005302       0x16 contiki-sky.a(cc2420.o)
                0x0000000000005302                cc2420_set_cca_threshold
 .text.set_value
                0x0000000000005318       0x86 contiki-sky.a(cc2420.o)
 .text.cc2420_init
                0x000000000000539e       0xd8 contiki-sky.a(cc2420.o)
                0x000000000000539e                cc2420_init
 .text.cc2420_port1_interrupt
                0x0000000000005476       0x62 contiki-sky.a(cc2420-arch.o)
                0x0000000000005476                __isr_4
                0x0000000000005476                cc2420_port1_interrupt
 .text.cc2420_arch_init
                0x00000000000054d8       0x1a contiki-sky.a(cc2420-arch.o)
                0x00000000000054d8                cc2420_arch_init
 .text.handle_rxdma_timer
                0x00000000000054f2       0x3a contiki-sky.a(uart1.o)
 .text.uart1_active
                0x000000000000552c       0x18 contiki-sky.a(uart1.o)
                0x000000000000552c                uart1_active
 .text.uart1_set_input
                0x0000000000005544       0x20 contiki-sky.a(uart1.o)
                0x0000000000005544                uart1_set_input
 .text.uart1_writeb
                0x0000000000005564       0x18 contiki-sky.a(uart1.o)
                0x0000000000005564                uart1_writeb
 .text.uart1_init
                0x000000000000557c       0xf4 contiki-sky.a(uart1.o)
                0x000000000000557c                uart1_init
 .text.slip_arch_writeb
                0x0000000000005670        0x6 contiki-sky.a(slip_uart1.o)
                0x0000000000005670                slip_arch_writeb
 .text.putchar  0x0000000000005676       0x3c contiki-sky.a(slip_uart1.o)
                0x0000000000005676                putchar
 .text.slip_arch_init
                0x00000000000056b2        0xa contiki-sky.a(slip_uart1.o)
                0x00000000000056b2                slip_arch_init
 .text.slip_set_input_callback
                0x00000000000056bc        0x6 contiki-sky.a(slip.o)
                0x00000000000056bc                slip_set_input_callback
 .text.slip_send
                0x00000000000056c2       0x5e contiki-sky.a(slip.o)
                0x00000000000056c2                slip_send
 .text.slip_write
                0x0000000000005720       0x5a contiki-sky.a(slip.o)
                0x0000000000005720                slip_write
 .text.process_thread_slip_process
                0x000000000000577a      0x1fc contiki-sky.a(slip.o)
 .text.slip_input_byte
                0x0000000000005976       0xbc contiki-sky.a(slip.o)
                0x0000000000005976                slip_input_byte
 .text.msp430_init_dco
                0x0000000000005a32       0x82 contiki-sky.a(msp430.o)
                0x0000000000005a32                msp430_init_dco
 .text.msp430_add_lpm_req
                0x0000000000005ab4        0xc contiki-sky.a(msp430.o)
                0x0000000000005ab4                msp430_add_lpm_req
 .text.msp430_cpu_init
                0x0000000000005ac0       0x2a contiki-sky.a(msp430.o)
                0x0000000000005ac0                msp430_cpu_init
 .text.splhigh_
                0x0000000000005aea        0x8 contiki-sky.a(msp430.o)
                0x0000000000005aea                splhigh_
 .text.msp430_sync_dco
                0x0000000000005af2       0x6c contiki-sky.a(msp430.o)
                0x0000000000005af2                msp430_sync_dco
 .text.timera1  0x0000000000005b5e      0x11e contiki-sky.a(clock.o)
                0x0000000000005b5e                __isr_5
                0x0000000000005b5e                timera1
 .text.clock_time
                0x0000000000005c7c       0x1a contiki-sky.a(clock.o)
                0x0000000000005c7c                clock_time
 .text.clock_init
                0x0000000000005c96       0x28 contiki-sky.a(clock.o)
                0x0000000000005c96                clock_init
 .text.clock_delay
                0x0000000000005cbe        0xc contiki-sky.a(clock.o)
                0x0000000000005cbe                clock_delay
 .text.show_leds
                0x0000000000005cca       0xf0 contiki-sky.a(leds.o)
 .text.leds_init
                0x0000000000005dba        0xa contiki-sky.a(leds.o)
                0x0000000000005dba                leds_init
 .text.leds_on  0x0000000000005dc4        0xa contiki-sky.a(leds.o)
                0x0000000000005dc4                leds_on
 .text.leds_off
                0x0000000000005dce        0xe contiki-sky.a(leds.o)
                0x0000000000005dce                leds_off
 .text.leds_arch_init
                0x0000000000005ddc        0xe contiki-sky.a(leds-arch.o)
                0x0000000000005ddc                leds_arch_init
 .text.leds_arch_set
                0x0000000000005dea       0x38 contiki-sky.a(leds-arch.o)
                0x0000000000005dea                leds_arch_set
 .text.watchdog_interrupt
                0x0000000000005e22        0x6 contiki-sky.a(watchdog.o)
                0x0000000000005e22                __isr_10
                0x0000000000005e22                watchdog_interrupt
 .text.watchdog_start
                0x0000000000005e28       0x14 contiki-sky.a(watchdog.o)
                0x0000000000005e28                watchdog_start
 .text.watchdog_periodic
                0x0000000000005e3c       0x12 contiki-sky.a(watchdog.o)
                0x0000000000005e3c                watchdog_periodic
 .text.watchdog_stop
                0x0000000000005e4e       0x16 contiki-sky.a(watchdog.o)
                0x0000000000005e4e                watchdog_stop
 .text.watchdog_init
                0x0000000000005e64       0x12 contiki-sky.a(watchdog.o)
                0x0000000000005e64                watchdog_init
 .text.rtimer_arch_init
                0x0000000000005e76        0xe contiki-sky.a(rtimer-arch.o)
                0x0000000000005e76                rtimer_arch_init
 .text.rtimer_arch_now
                0x0000000000005e84        0xe contiki-sky.a(rtimer-arch.o)
                0x0000000000005e84                rtimer_arch_now
 .text.timera0  0x0000000000005e92       0x70 contiki-sky.a(rtimer-arch.o)
                0x0000000000005e92                __isr_6
                0x0000000000005e92                timera0
 .text.rtimer_arch_schedule
                0x0000000000005f02        0x6 contiki-sky.a(rtimer-arch.o)
                0x0000000000005f02                rtimer_arch_schedule
 .text.autostart_start
                0x0000000000005f08       0x16 contiki-sky.a(autostart.o)
                0x0000000000005f08                autostart_start
 .text.process_thread_ctimer_process
                0x0000000000005f1e       0xa8 contiki-sky.a(ctimer.o)
 .text.ctimer_init
                0x0000000000005fc6       0x18 contiki-sky.a(ctimer.o)
                0x0000000000005fc6                ctimer_init
 .text.ctimer_set
                0x0000000000005fde       0x50 contiki-sky.a(ctimer.o)
                0x0000000000005fde                ctimer_set
 .text.ctimer_reset
                0x000000000000602e       0x30 contiki-sky.a(ctimer.o)
                0x000000000000602e                ctimer_reset
 .text.ctimer_stop
                0x000000000000605e       0x28 contiki-sky.a(ctimer.o)
                0x000000000000605e                ctimer_stop
 .text.energest_init
                0x0000000000006086       0x26 contiki-sky.a(energest.o)
                0x0000000000006086                energest_init
 .text.energest_type_time
                0x00000000000060ac       0x48 contiki-sky.a(energest.o)
                0x00000000000060ac                energest_type_time
 .text.energest_type_set
                0x00000000000060f4        0xe contiki-sky.a(energest.o)
                0x00000000000060f4                energest_type_set
 .text.energest_flush
                0x0000000000006102       0x48 contiki-sky.a(energest.o)
                0x0000000000006102                energest_flush
 .text.update_time
                0x000000000000614a       0x78 contiki-sky.a(etimer.o)
 .text.etimer_request_poll
                0x00000000000061c2        0xa contiki-sky.a(etimer.o)
                0x00000000000061c2                etimer_request_poll
 .text.process_thread_etimer_process
                0x00000000000061cc       0xcc contiki-sky.a(etimer.o)
 .text.add_timer
                0x0000000000006298       0x40 contiki-sky.a(etimer.o)
 .text.etimer_set
                0x00000000000062d8       0x12 contiki-sky.a(etimer.o)
                0x00000000000062d8                etimer_set
 .text.etimer_reset
                0x00000000000062ea       0x12 contiki-sky.a(etimer.o)
                0x00000000000062ea                etimer_reset
 .text.etimer_restart
                0x00000000000062fc       0x12 contiki-sky.a(etimer.o)
                0x00000000000062fc                etimer_restart
 .text.etimer_expired
                0x000000000000630e        0xe contiki-sky.a(etimer.o)
                0x000000000000630e                etimer_expired
 .text.etimer_pending
                0x000000000000631c        0xc contiki-sky.a(etimer.o)
                0x000000000000631c                etimer_pending
 .text.etimer_next_expiration_time
                0x0000000000006328       0x16 contiki-sky.a(etimer.o)
                0x0000000000006328                etimer_next_expiration_time
 .text.etimer_stop
                0x000000000000633e       0x3e contiki-sky.a(etimer.o)
                0x000000000000633e                etimer_stop
 .text.call_process
                0x000000000000637c       0x46 contiki-sky.a(process.o)
 .text.exit_process
                0x00000000000063c2       0x96 contiki-sky.a(process.o)
 .text.do_poll  0x0000000000006458       0x30 contiki-sky.a(process.o)
 .text.process_alloc_event
                0x0000000000006488        0xe contiki-sky.a(process.o)
                0x0000000000006488                process_alloc_event
 .text.process_init
                0x0000000000006496       0x1c contiki-sky.a(process.o)
                0x0000000000006496                process_init
 .text.process_run
                0x00000000000064b2       0xa2 contiki-sky.a(process.o)
                0x00000000000064b2                process_run
 .text.process_nevents
                0x0000000000006554        0xe contiki-sky.a(process.o)
                0x0000000000006554                process_nevents
 .text.process_post
                0x0000000000006562       0x54 contiki-sky.a(process.o)
                0x0000000000006562                process_post
 .text.process_post_synch
                0x00000000000065b6       0x12 contiki-sky.a(process.o)
                0x00000000000065b6                process_post_synch
 .text.process_start
                0x00000000000065c8       0x36 contiki-sky.a(process.o)
                0x00000000000065c8                process_start
 .text.process_poll
                0x00000000000065fe       0x18 contiki-sky.a(process.o)
                0x00000000000065fe                process_poll
 .text.rtimer_init
                0x0000000000006616        0x6 contiki-sky.a(rtimer.o)
                0x0000000000006616                rtimer_init
 .text.rtimer_set
                0x000000000000661c       0x24 contiki-sky.a(rtimer.o)
                0x000000000000661c                rtimer_set
 .text.rtimer_run_next
                0x0000000000006640       0x26 contiki-sky.a(rtimer.o)
                0x0000000000006640                rtimer_run_next
 .text.timer_set
                0x0000000000006666       0x1c contiki-sky.a(timer.o)
                0x0000000000006666                timer_set
 .text.timer_reset
                0x0000000000006682        0xe contiki-sky.a(timer.o)
                0x0000000000006682                timer_reset
 .text.timer_restart
                0x0000000000006690       0x14 contiki-sky.a(timer.o)
                0x0000000000006690                timer_restart
 .text.timer_expired
                0x00000000000066a4       0x2a contiki-sky.a(timer.o)
                0x00000000000066a4                timer_expired
 .text.list_init
                0x00000000000066ce        0x6 contiki-sky.a(list.o)
                0x00000000000066ce                list_init
 .text.list_head
                0x00000000000066d4        0x4 contiki-sky.a(list.o)
                0x00000000000066d4                list_head
 .text.list_tail
                0x00000000000066d8       0x12 contiki-sky.a(list.o)
                0x00000000000066d8                list_tail
 .text.list_chop
                0x00000000000066ea       0x1a contiki-sky.a(list.o)
                0x00000000000066ea                list_chop
 .text.list_remove
                0x0000000000006704       0x34 contiki-sky.a(list.o)
                0x0000000000006704                list_remove
 .text.list_push
                0x0000000000006738       0x1a contiki-sky.a(list.o)
                0x0000000000006738                list_push
 .text.list_add
                0x0000000000006752       0x2a contiki-sky.a(list.o)
                0x0000000000006752                list_add
 .text.list_length
                0x000000000000677c       0x10 contiki-sky.a(list.o)
                0x000000000000677c                list_length
 .text.list_item_next
                0x000000000000678c        0xc contiki-sky.a(list.o)
                0x000000000000678c                list_item_next
 .text.random_init
                0x0000000000006798        0x6 contiki-sky.a(random.o)
                0x0000000000006798                random_init
 .text.random_rand
                0x000000000000679e        0x6 contiki-sky.a(random.o)
                0x000000000000679e                random_rand
 .text.uip_fw_output
                0x00000000000067a4       0xf4 contiki-sky.a(uip-fw.o)
                0x00000000000067a4                uip_fw_output
 .text.uip_fw_forward
                0x0000000000006898      0x15e contiki-sky.a(uip-fw.o)
                0x0000000000006898                uip_fw_forward
 .text.uip_fw_default
                0x00000000000069f6        0x6 contiki-sky.a(uip-fw.o)
                0x00000000000069f6                uip_fw_default
 .text.uip_fw_periodic
                0x00000000000069fc       0x1c contiki-sky.a(uip-fw.o)
                0x00000000000069fc                uip_fw_periodic
 .text.process_thread_uip_fw_process
                0x0000000000006a18       0x3c contiki-sky.a(uip-fw-drv.o)
 .text.chksum   0x0000000000006a54       0x32 contiki-sky.a(uip.o)
 .text.upper_layer_chksum
                0x0000000000006a86       0x42 contiki-sky.a(uip.o)
 .text.uip_add32
                0x0000000000006ac8       0x68 contiki-sky.a(uip.o)
                0x0000000000006ac8                uip_add32
 .text.uip_add_rcv_nxt
                0x0000000000006b30       0x2c contiki-sky.a(uip.o)
 .text.uip_chksum
                0x0000000000006b5c       0x18 contiki-sky.a(uip.o)
                0x0000000000006b5c                uip_chksum
 .text.uip_tcpchksum
                0x0000000000006b74        0xa contiki-sky.a(uip.o)
                0x0000000000006b74                uip_tcpchksum
 .text.uip_udpchksum
                0x0000000000006b7e        0xa contiki-sky.a(uip.o)
                0x0000000000006b7e                uip_udpchksum
 .text.uip_init
                0x0000000000006b88       0x50 contiki-sky.a(uip.o)
                0x0000000000006b88                uip_init
 .text.uip_unlisten
                0x0000000000006bd8       0x2a contiki-sky.a(uip.o)
                0x0000000000006bd8                uip_unlisten
 .text.uip_process
                0x0000000000006c02      0xc7e contiki-sky.a(uip.o)
                0x0000000000006c02                uip_process
 .text.uip_htons
                0x0000000000007880        0xc contiki-sky.a(uip.o)
                0x0000000000007880                uip_htons
 .text.timedout
                0x000000000000788c       0x12 contiki-sky.a(uip-over-mesh.o)
 .text.recv_data
                0x000000000000789e       0x72 contiki-sky.a(uip-over-mesh.o)
 .text.new_route
                0x0000000000007910       0x36 contiki-sky.a(uip-over-mesh.o)
 .text.uip_over_mesh_init
                0x0000000000007946       0x54 contiki-sky.a(uip-over-mesh.o)
                0x0000000000007946                uip_over_mesh_init
 .text.uip_over_mesh_send
                0x000000000000799a       0xe8 contiki-sky.a(uip-over-mesh.o)
                0x000000000000799a                uip_over_mesh_send
 .text.uip_over_mesh_set_gateway_netif
                0x0000000000007a82        0x6 contiki-sky.a(uip-over-mesh.o)
                0x0000000000007a82                uip_over_mesh_set_gateway_netif
 .text.uip_over_mesh_set_gateway
                0x0000000000007a88        0xc contiki-sky.a(uip-over-mesh.o)
                0x0000000000007a88                uip_over_mesh_set_gateway
 .text.gateway_announce_recv
                0x0000000000007a94       0x10 contiki-sky.a(uip-over-mesh.o)
 .text.uip_over_mesh_make_announced_gateway
                0x0000000000007aa4       0x32 contiki-sky.a(uip-over-mesh.o)
                0x0000000000007aa4                uip_over_mesh_make_announced_gateway
 .text.uip_over_mesh_set_net
                0x0000000000007ad6       0x16 contiki-sky.a(uip-over-mesh.o)
                0x0000000000007ad6                uip_over_mesh_set_net
 .text.start_periodic_tcp_timer
                0x0000000000007aec       0x16 contiki-sky.a(tcpip.o)
 .text.tcpip_output
                0x0000000000007b02       0x10 contiki-sky.a(tcpip.o)
                0x0000000000007b02                tcpip_output
 .text.process_thread_tcpip_process
                0x0000000000007b12      0x1ce contiki-sky.a(tcpip.o)
 .text.tcpip_set_outputfunc
                0x0000000000007ce0        0x6 contiki-sky.a(tcpip.o)
                0x0000000000007ce0                tcpip_set_outputfunc
 .text.tcpip_input
                0x0000000000007ce6       0x12 contiki-sky.a(tcpip.o)
                0x0000000000007ce6                tcpip_input
 .text.tcpip_uipcall
                0x0000000000007cf8       0x70 contiki-sky.a(tcpip.o)
                0x0000000000007cf8                tcpip_uipcall
 .text.input    0x0000000000007d68       0x3a contiki-sky.a(rime.o)
 .text.init     0x0000000000007da2       0x2e contiki-sky.a(rime.o)
 .text.packet_sent
                0x0000000000007dd0       0x44 contiki-sky.a(rime.o)
 .text.rime_output
                0x0000000000007e14       0x24 contiki-sky.a(rime.o)
                0x0000000000007e14                rime_output
 .text.adv_packet_sent
                0x0000000000007e38        0x2 contiki-sky.a(broadcast-annou)
 .text.adv_packet_received
                0x0000000000007e3a       0x64 contiki-sky.a(broadcast-annou)
 .text.set_timers
                0x0000000000007e9e       0x4a contiki-sky.a(broadcast-annou)
 .text.send_timer
                0x0000000000007ee8       0x32 contiki-sky.a(broadcast-annou)
 .text.send_adv
                0x0000000000007f1a       0x66 contiki-sky.a(broadcast-annou)
 .text.new_announcement
                0x0000000000007f80       0x18 contiki-sky.a(broadcast-annou)
 .text.broadcast_announcement_init
                0x0000000000007f98       0x48 contiki-sky.a(broadcast-annou)
                0x0000000000007f98                broadcast_announcement_init
 .text.send     0x0000000000007fe0       0x1a contiki-sky.a(trickle.o)
 .text.run_trickle
                0x0000000000007ffa       0xc4 contiki-sky.a(trickle.o)
 .text.recv     0x00000000000080be       0x86 contiki-sky.a(trickle.o)
 .text.timer_callback
                0x0000000000008144        0x6 contiki-sky.a(trickle.o)
 .text.trickle_open
                0x000000000000814a       0x44 contiki-sky.a(trickle.o)
                0x000000000000814a                trickle_open
 .text.trickle_send
                0x000000000000818e       0x3e contiki-sky.a(trickle.o)
                0x000000000000818e                trickle_send
 .text.sent_by_abc
                0x00000000000081cc       0x10 contiki-sky.a(broadcast.o)
 .text.recv_from_abc
                0x00000000000081dc       0x26 contiki-sky.a(broadcast.o)
 .text.broadcast_open
                0x0000000000008202       0x2a contiki-sky.a(broadcast.o)
                0x0000000000008202                broadcast_open
 .text.broadcast_send
                0x000000000000822c       0x1a contiki-sky.a(broadcast.o)
                0x000000000000822c                broadcast_send
 .text.timeout_handler
                0x0000000000008246       0x14 contiki-sky.a(route-discovery)
 .text.rreq_packet_received
                0x000000000000825a       0xca contiki-sky.a(route-discovery)
 .text.rrep_packet_received
                0x0000000000008324       0x9a contiki-sky.a(route-discovery)
 .text.route_discovery_open
                0x00000000000083be       0x30 contiki-sky.a(route-discovery)
                0x00000000000083be                route_discovery_open
 .text.route_discovery_discover
                0x00000000000083ee       0x6e contiki-sky.a(route-discovery)
                0x00000000000083ee                route_discovery_discover
 .text.periodic
                0x000000000000845c       0x58 contiki-sky.a(route.o)
 .text.route_init
                0x00000000000084b4       0x28 contiki-sky.a(route.o)
                0x00000000000084b4                route_init
 .text.route_lookup
                0x00000000000084dc       0x4c contiki-sky.a(route.o)
                0x00000000000084dc                route_lookup
 .text.route_add
                0x0000000000008528       0x88 contiki-sky.a(route.o)
                0x0000000000008528                route_add
 .text.route_refresh
                0x00000000000085b0        0xe contiki-sky.a(route.o)
                0x00000000000085b0                route_refresh
 .text.route_remove
                0x00000000000085be       0x1c contiki-sky.a(route.o)
                0x00000000000085be                route_remove
 .text.route_decay
                0x00000000000085da       0x22 contiki-sky.a(route.o)
                0x00000000000085da                route_decay
 .text.route_set_lifetime
                0x00000000000085fc        0x6 contiki-sky.a(route.o)
                0x00000000000085fc                route_set_lifetime
 .text.chameleon_init
                0x0000000000008602        0x6 contiki-sky.a(chameleon.o)
                0x0000000000008602                chameleon_init
 .text.chameleon_parse
                0x0000000000008608       0x10 contiki-sky.a(chameleon.o)
                0x0000000000008608                chameleon_parse
 .text.chameleon_create
                0x0000000000008618       0x1c contiki-sky.a(chameleon.o)
                0x0000000000008618                chameleon_create
 .text.chameleon_hdrsize
                0x0000000000008634        0x6 contiki-sky.a(chameleon.o)
                0x0000000000008634                chameleon_hdrsize
 .text.channel_init
                0x000000000000863a        0xa contiki-sky.a(channel.o)
                0x000000000000863a                channel_init
 .text.channel_open
                0x0000000000008644       0x10 contiki-sky.a(channel.o)
                0x0000000000008644                channel_open
 .text.channel_lookup
                0x0000000000008654       0x20 contiki-sky.a(channel.o)
                0x0000000000008654                channel_lookup
 .text.channel_set_attributes
                0x0000000000008674       0x24 contiki-sky.a(channel.o)
                0x0000000000008674                channel_set_attributes
 .text.sent_by_broadcast
                0x0000000000008698       0x10 contiki-sky.a(unicast.o)
 .text.recv_from_broadcast
                0x00000000000086a8       0x2e contiki-sky.a(unicast.o)
 .text.unicast_open
                0x00000000000086d6       0x2a contiki-sky.a(unicast.o)
                0x00000000000086d6                unicast_open
 .text.unicast_send
                0x0000000000008700       0x16 contiki-sky.a(unicast.o)
                0x0000000000008700                unicast_send
 .text.abc_open
                0x0000000000008716       0x26 contiki-sky.a(abc.o)
                0x0000000000008716                abc_open
 .text.abc_send
                0x000000000000873c        0x6 contiki-sky.a(abc.o)
                0x000000000000873c                abc_send
 .text.abc_input
                0x0000000000008742        0xe contiki-sky.a(abc.o)
                0x0000000000008742                abc_input
 .text.abc_sent
                0x0000000000008750       0x10 contiki-sky.a(abc.o)
                0x0000000000008750                abc_sent
 .text.sent     0x0000000000008760       0x10 contiki-sky.a(netflood.o)
 .text.dropped  0x0000000000008770       0x10 contiki-sky.a(netflood.o)
 .text.recv_from_ipolite
                0x0000000000008780       0xee contiki-sky.a(netflood.o)
 .text.netflood_open
                0x000000000000886e       0x2e contiki-sky.a(netflood.o)
                0x000000000000886e                netflood_open
 .text.netflood_send
                0x000000000000889c       0x62 contiki-sky.a(netflood.o)
                0x000000000000889c                netflood_send
 .text.announcement_init
                0x00000000000088fe        0xa contiki-sky.a(announcement.o)
                0x00000000000088fe                announcement_init
 .text.announcement_register_observer_callback
                0x0000000000008908        0x6 contiki-sky.a(announcement.o)
                0x0000000000008908                announcement_register_observer_callback
 .text.announcement_list
                0x000000000000890e        0xa contiki-sky.a(announcement.o)
                0x000000000000890e                announcement_list
 .text.announcement_heard
                0x0000000000008918       0x42 contiki-sky.a(announcement.o)
                0x0000000000008918                announcement_heard
 .text.input_packet
                0x000000000000895a        0x6 contiki-sky.a(csma.o)
 .text.on       0x0000000000008960        0x6 contiki-sky.a(csma.o)
 .text.off      0x0000000000008966        0x6 contiki-sky.a(csma.o)
 .text.channel_check_interval
                0x000000000000896c       0x10 contiki-sky.a(csma.o)
 .text.transmit_packet_list
                0x000000000000897c       0x24 contiki-sky.a(csma.o)
 .text.init     0x00000000000089a0       0x1a contiki-sky.a(csma.o)
 .text.send_packet
                0x00000000000089ba      0x184 contiki-sky.a(csma.o)
 .text.free_packet
                0x0000000000008b3e       0x98 contiki-sky.a(csma.o)
 .text.packet_sent
                0x0000000000008bd6      0x130 contiki-sky.a(csma.o)
 .text.queuebuf_init
                0x0000000000008d06       0x12 contiki-sky.a(queuebuf.o)
                0x0000000000008d06                queuebuf_init
 .text.queuebuf_new_from_packetbuf
                0x0000000000008d18       0x52 contiki-sky.a(queuebuf.o)
                0x0000000000008d18                queuebuf_new_from_packetbuf
 .text.queuebuf_update_attr_from_packetbuf
                0x0000000000008d6a       0x12 contiki-sky.a(queuebuf.o)
                0x0000000000008d6a                queuebuf_update_attr_from_packetbuf
 .text.queuebuf_update_from_packetbuf
                0x0000000000008d7c       0x22 contiki-sky.a(queuebuf.o)
                0x0000000000008d7c                queuebuf_update_from_packetbuf
 .text.queuebuf_free
                0x0000000000008d9e       0x2a contiki-sky.a(queuebuf.o)
                0x0000000000008d9e                queuebuf_free
 .text.queuebuf_to_packetbuf
                0x0000000000008dc8       0x32 contiki-sky.a(queuebuf.o)
                0x0000000000008dc8                queuebuf_to_packetbuf
 .text.queuebuf_dataptr
                0x0000000000008dfa       0x1c contiki-sky.a(queuebuf.o)
                0x0000000000008dfa                queuebuf_dataptr
 .text.queuebuf_datalen
                0x0000000000008e16        0x8 contiki-sky.a(queuebuf.o)
                0x0000000000008e16                queuebuf_datalen
 .text.queuebuf_attr
                0x0000000000008e1e        0xe contiki-sky.a(queuebuf.o)
                0x0000000000008e1e                queuebuf_attr
 .text.packetbuf_compact
                0x0000000000008e2c       0x2e contiki-sky.a(packetbuf.o)
                0x0000000000008e2c                packetbuf_compact
 .text.packetbuf_copyto
                0x0000000000008e5a       0x52 contiki-sky.a(packetbuf.o)
                0x0000000000008e5a                packetbuf_copyto
 .text.packetbuf_hdrreduce
                0x0000000000008eac       0x1a contiki-sky.a(packetbuf.o)
                0x0000000000008eac                packetbuf_hdrreduce
 .text.packetbuf_set_datalen
                0x0000000000008ec6        0x6 contiki-sky.a(packetbuf.o)
                0x0000000000008ec6                packetbuf_set_datalen
 .text.packetbuf_dataptr
                0x0000000000008ecc        0xe contiki-sky.a(packetbuf.o)
                0x0000000000008ecc                packetbuf_dataptr
 .text.packetbuf_hdrptr
                0x0000000000008eda        0xa contiki-sky.a(packetbuf.o)
                0x0000000000008eda                packetbuf_hdrptr
 .text.packetbuf_datalen
                0x0000000000008ee4        0x6 contiki-sky.a(packetbuf.o)
                0x0000000000008ee4                packetbuf_datalen
 .text.packetbuf_hdrlen
                0x0000000000008eea       0x10 contiki-sky.a(packetbuf.o)
                0x0000000000008eea                packetbuf_hdrlen
 .text.packetbuf_totlen
                0x0000000000008efa        0xc contiki-sky.a(packetbuf.o)
                0x0000000000008efa                packetbuf_totlen
 .text.packetbuf_hdralloc
                0x0000000000008f06       0x2e contiki-sky.a(packetbuf.o)
                0x0000000000008f06                packetbuf_hdralloc
 .text.packetbuf_attr_clear
                0x0000000000008f34       0x2c contiki-sky.a(packetbuf.o)
                0x0000000000008f34                packetbuf_attr_clear
 .text.packetbuf_clear
                0x0000000000008f60       0x1a contiki-sky.a(packetbuf.o)
                0x0000000000008f60                packetbuf_clear
 .text.packetbuf_copyfrom
                0x0000000000008f7a       0x2e contiki-sky.a(packetbuf.o)
                0x0000000000008f7a                packetbuf_copyfrom
 .text.packetbuf_attr_copyto
                0x0000000000008fa8       0x20 contiki-sky.a(packetbuf.o)
                0x0000000000008fa8                packetbuf_attr_copyto
 .text.packetbuf_attr_copyfrom
                0x0000000000008fc8       0x22 contiki-sky.a(packetbuf.o)
                0x0000000000008fc8                packetbuf_attr_copyfrom
 .text.packetbuf_holds_broadcast
                0x0000000000008fea        0xe contiki-sky.a(packetbuf.o)
                0x0000000000008fea                packetbuf_holds_broadcast
 .text.linkaddr_copy
                0x0000000000008ff8        0xc contiki-sky.a(linkaddr.o)
                0x0000000000008ff8                linkaddr_copy
 .text.linkaddr_cmp
                0x0000000000009004       0x12 contiki-sky.a(linkaddr.o)
                0x0000000000009004                linkaddr_cmp
 .text.linkaddr_set_node_addr
                0x0000000000009016        0xc contiki-sky.a(linkaddr.o)
                0x0000000000009016                linkaddr_set_node_addr
 .text.duty_cycle
                0x0000000000009022        0x6 contiki-sky.a(contikimac.o)
 .text.init     0x0000000000009028       0x2a contiki-sky.a(contikimac.o)
 .text.on       0x0000000000009052       0x1a contiki-sky.a(contikimac.o)
 .text.off      0x000000000000906c       0x22 contiki-sky.a(contikimac.o)
 .text.recv_burst_off
                0x000000000000908e        0xa contiki-sky.a(contikimac.o)
 .text.turn_off
                0x0000000000009098       0x20 contiki-sky.a(contikimac.o)
 .text.turn_on  0x00000000000090b8       0x30 contiki-sky.a(contikimac.o)
 .text.schedule_powercycle_fixed.part.4
                0x00000000000090e8       0x34 contiki-sky.a(contikimac.o)
 .text.powercycle_turn_radio_off
                0x000000000000911c       0x30 contiki-sky.a(contikimac.o)
 .text.input_packet
                0x000000000000914c       0xb6 contiki-sky.a(contikimac.o)
 .text.send_packet.isra.7
                0x0000000000009202      0x20c contiki-sky.a(contikimac.o)
 .text.qsend_list
                0x000000000000940e       0xc4 contiki-sky.a(contikimac.o)
 .text.qsend_packet
                0x00000000000094d2       0x28 contiki-sky.a(contikimac.o)
 .text.powercycle
                0x00000000000094fa      0x1d6 contiki-sky.a(contikimac.o)
 .text.hdr_length
                0x00000000000096d0        0x8 contiki-sky.a(contikimac-fram)
 .text.parse    0x00000000000096d8       0x3e contiki-sky.a(contikimac-fram)
 .text.create   0x0000000000009716       0x26 contiki-sky.a(contikimac-fram)
 .text.create_and_secure
                0x000000000000973c       0x6a contiki-sky.a(contikimac-fram)
 .text.bootstrap
                0x00000000000097a6        0x4 contiki-sky.a(nullsec.o)
 .text.send     0x00000000000097aa        0xa contiki-sky.a(nullsec.o)
 .text.on_frame_created
                0x00000000000097b4        0x4 contiki-sky.a(nullsec.o)
 .text.input    0x00000000000097b8        0x6 contiki-sky.a(nullsec.o)
 .text.get_overhead
                0x00000000000097be        0x4 contiki-sky.a(nullsec.o)
 .text.spi_init
                0x00000000000097c2       0x30 contiki-sky.a(spi.o)
                0x00000000000097c2                spi_init
 .text.uip_ipchksum
                0x00000000000097f2       0x32 contiki-sky.a(uip-ipchksum.o)
                0x00000000000097f2                uip_ipchksum
 .text.compower_accumulate
                0x0000000000009824       0x72 contiki-sky.a(compower.o)
                0x0000000000009824                compower_accumulate
 .text.compower_clear
                0x0000000000009896       0x12 contiki-sky.a(compower.o)
                0x0000000000009896                compower_clear
 .text.compower_attrconv
                0x00000000000098a8       0x10 contiki-sky.a(compower.o)
                0x00000000000098a8                compower_attrconv
 .text.memb_init
                0x00000000000098b8       0x36 contiki-sky.a(memb.o)
                0x00000000000098b8                memb_init
 .text.memb_alloc
                0x00000000000098ee       0x3e contiki-sky.a(memb.o)
                0x00000000000098ee                memb_alloc
 .text.memb_free
                0x000000000000992c       0x3a contiki-sky.a(memb.o)
                0x000000000000992c                memb_free
 .text.memb_inmemb
                0x0000000000009966       0x2a contiki-sky.a(memb.o)
                0x0000000000009966                memb_inmemb
 .text.header_size
                0x0000000000009990       0x16 contiki-sky.a(chameleon-bitop)
 .text.get_bits_in_byte
                0x00000000000099a6       0x3a contiki-sky.a(chameleon-bitop)
                0x00000000000099a6                get_bits_in_byte
 .text.get_bits
                0x00000000000099e0       0xa2 contiki-sky.a(chameleon-bitop)
                0x00000000000099e0                get_bits
 .text.unpack_header
                0x0000000000009a82       0xd2 contiki-sky.a(chameleon-bitop)
 .text.set_bits_in_byte
                0x0000000000009b54       0x2c contiki-sky.a(chameleon-bitop)
                0x0000000000009b54                set_bits_in_byte
 .text.set_bits
                0x0000000000009b80       0xc8 contiki-sky.a(chameleon-bitop)
                0x0000000000009b80                set_bits
 .text.pack_header
                0x0000000000009c48       0xbe contiki-sky.a(chameleon-bitop)
 .text.sent     0x0000000000009d06        0x2 contiki-sky.a(ipolite.o)
 .text.send     0x0000000000009d08       0x36 contiki-sky.a(ipolite.o)
 .text.recv     0x0000000000009d3e       0xa6 contiki-sky.a(ipolite.o)
 .text.ipolite_open
                0x0000000000009de4       0x24 contiki-sky.a(ipolite.o)
                0x0000000000009de4                ipolite_open
 .text.ipolite_send
                0x0000000000009e08       0xaa contiki-sky.a(ipolite.o)
                0x0000000000009e08                ipolite_send
 .text.mac_sequence_is_duplicate
                0x0000000000009eb2       0x3c contiki-sky.a(mac-sequence.o)
                0x0000000000009eb2                mac_sequence_is_duplicate
 .text.mac_sequence_register_seqno
                0x0000000000009eee       0x5c contiki-sky.a(mac-sequence.o)
                0x0000000000009eee                mac_sequence_register_seqno
 .text.create_frame.isra.0
                0x0000000000009f4a      0x104 contiki-sky.a(framer-802154.o)
 .text.create   0x000000000000a04e        0x8 contiki-sky.a(framer-802154.o)
 .text.hdr_length
                0x000000000000a056        0x8 contiki-sky.a(framer-802154.o)
 .text.parse    0x000000000000a05e       0xa4 contiki-sky.a(framer-802154.o)
 .text.field_len
                0x000000000000a102       0x90 contiki-sky.a(frame802154.o)
 .text.frame802154_hdrlen
                0x000000000000a192       0x2e contiki-sky.a(frame802154.o)
                0x000000000000a192                frame802154_hdrlen
 .text.frame802154_create
                0x000000000000a1c0      0x146 contiki-sky.a(frame802154.o)
                0x000000000000a1c0                frame802154_create
 .text.frame802154_parse
                0x000000000000a306      0x1ba contiki-sky.a(frame802154.o)
                0x000000000000a306                frame802154_parse
 .text.mac_call_sent_callback
                0x000000000000a4c0       0x14 contiki-sky.a(mac.o)
                0x000000000000a4c0                mac_call_sent_callback
 .text.framer_canonical_create_and_secure
                0x000000000000a4d4       0x20 contiki-sky.a(framer.o)
                0x000000000000a4d4                framer_canonical_create_and_secure
 .text.libgcc   0x000000000000a4f4       0x2c /home/tkn/.local/contiki-src/mspgcc-4.7.3/bin/../lib/gcc/msp430/4.7.3/mmpy-16/libgcc.a(_mulsi3.o)
                0x000000000000a4f4                __mulsi3
 .text.libgcc   0x000000000000a520       0x40 /home/tkn/.local/contiki-src/mspgcc-4.7.3/bin/../lib/gcc/msp430/4.7.3/mmpy-16/libgcc.a(_udivmod32.o)
                0x000000000000a520                __udivsi3
                0x000000000000a520                __ext_udivmod32
                0x000000000000a556                __umodsi3
 .text.printf   0x000000000000a560       0x10 /home/tkn/.local/contiki-src/mspgcc-4.7.3/bin/../lib/gcc/msp430/4.7.3/../../../../msp430/lib/mmpy-16/libc.a(printf.o)
                0x000000000000a560                printf
 .text.print_field
                0x000000000000a570      0x194 /home/tkn/.local/contiki-src/mspgcc-4.7.3/bin/../lib/gcc/msp430/4.7.3/../../../../msp430/lib/mmpy-16/libc.a(vuprintf.o)
 .text.vuprintf
                0x000000000000a704      0x63e /home/tkn/.local/contiki-src/mspgcc-4.7.3/bin/../lib/gcc/msp430/4.7.3/../../../../msp430/lib/mmpy-16/libc.a(vuprintf.o)
                0x000000000000a704                vuprintf
 .text.puts     0x000000000000ad42       0x2c /home/tkn/.local/contiki-src/mspgcc-4.7.3/bin/../lib/gcc/msp430/4.7.3/../../../../msp430/lib/mmpy-16/libc.a(puts.o)
                0x000000000000ad42                puts
 .text.rand     0x000000000000ad6e       0x26 /home/tkn/.local/contiki-src/mspgcc-4.7.3/bin/../lib/gcc/msp430/4.7.3/../../../../msp430/lib/mmpy-16/libc.a(rand.o)
                0x000000000000ad6e                rand
 .text.srand    0x000000000000ad94        0xa /home/tkn/.local/contiki-src/mspgcc-4.7.3/bin/../lib/gcc/msp430/4.7.3/../../../../msp430/lib/mmpy-16/libc.a(rand.o)
                0x000000000000ad94                srand
 .text.strncmp  0x000000000000ad9e       0x2a /home/tkn/.local/contiki-src/mspgcc-4.7.3/bin/../lib/gcc/msp430/4.7.3/../../../../msp430/lib/mmpy-16/libc.a(strncmp.o)
                0x000000000000ad9e                strncmp
 .text.memcmp   0x000000000000adc8       0x30 /home/tkn/.local/contiki-src/mspgcc-4.7.3/bin/../lib/gcc/msp430/4.7.3/../../../../msp430/lib/mmpy-16/libc.a(memcmp.o)
                0x000000000000adc8                memcmp
 .text.memcpy   0x000000000000adf8       0xfa /home/tkn/.local/contiki-src/mspgcc-4.7.3/bin/../lib/gcc/msp430/4.7.3/../../../../msp430/lib/mmpy-16/libc.a(memcpy.o)
                0x000000000000adf8                memcpy
 .text.memset   0x000000000000aef2       0x6a /home/tkn/.local/contiki-src/mspgcc-4.7.3/bin/../lib/gcc/msp430/4.7.3/../../../../msp430/lib/mmpy-16/libc.a(memset.o)
                0x000000000000aef2                memset
 .text.libgcc   0x000000000000af5c       0x22 /home/tkn/.local/contiki-src/mspgcc-4.7.3/bin/../lib/gcc/msp430/4.7.3/mmpy-16/libgcc.a(_udivmod16.o)
                0x000000000000af5c                __udivhi3
                0x000000000000af5c                __ext_udivmod16
                0x000000000000af76                __umodhi3
 .text.libgcc   0x000000000000af7e       0xf0 /home/tkn/.local/contiki-src/mspgcc-4.7.3/bin/../lib/gcc/msp430/4.7.3/mmpy-16/libgcc.a(_udivmod64.o)
                0x000000000000af7e                __xabi_udivmod64
                0x000000000000afdc                __udivdi3
                0x000000000000b002                __umoddi3
                0x000000000000b030                __udivmoddi4
 .text.crt0     0x000000000000b06e        0x2 /home/tkn/.local/contiki-src/mspgcc-4.7.3/bin/../lib/gcc/msp430/4.7.3/mmpy-16/libcrt0.a(_unexpected_.o)
                0x000000000000b06e                _unexpected_
 *(.near.text .near.text.*)

.rodata         0x000000000000b070      0x39d
                0x000000000000b070                . = ALIGN (0x2)
 *(.rodata .rodata.* .gnu.linkonce.r.*)
 .rodata        0x000000000000b070       0x80 tx_node.co
                0x000000000000b0cc                autostart_processes
 .rodata        0x000000000000b0f0      0x167 obj_sky/contiki-sky-main.o
 *fill*         0x000000000000b257        0x1 00
 .rodata        0x000000000000b258       0x10 contiki-sky.a(button-sensor.o)
                0x000000000000b260                button_sensor
 .rodata        0x000000000000b268        0x8 contiki-sky.a(sensors.o)
 .rodata.get_value
                0x000000000000b270       0x1c contiki-sky.a(cc2420.o)
 .rodata        0x000000000000b28c       0x3e contiki-sky.a(cc2420.o)
                0x000000000000b28c                cc2420_aes_128_driver
                0x000000000000b290                cc2420_driver
 .rodata        0x000000000000b2ca       0x26 contiki-sky.a(slip.o)
 .rodata        0x000000000000b2f0        0xf contiki-sky.a(ctimer.o)
 .rodata        0x000000000000b2ff        0xc contiki-sky.a(etimer.o)
 .rodata        0x000000000000b30b        0xe contiki-sky.a(uip-fw-drv.o)
 *fill*         0x000000000000b319        0x3 00
 .rodata.uip_process
                0x000000000000b31c       0x20 contiki-sky.a(uip.o)
 .rodata        0x000000000000b33c        0x8 contiki-sky.a(uip.o)
                0x000000000000b33c                uip_all_zeroes_addr
                0x000000000000b340                uip_broadcast_addr
 .rodata        0x000000000000b344        0xa contiki-sky.a(uip-over-mesh.o)
 .rodata        0x000000000000b34e        0xd contiki-sky.a(tcpip.o)
 *fill*         0x000000000000b35b        0x1 00
 .rodata        0x000000000000b35c        0xc contiki-sky.a(rime.o)
                0x000000000000b362                rime_driver
 .rodata        0x000000000000b368        0x4 contiki-sky.a(broadcast-annou)
 .rodata        0x000000000000b36c        0xa contiki-sky.a(trickle.o)
 .rodata        0x000000000000b376        0x8 contiki-sky.a(broadcast.o)
 .rodata        0x000000000000b37e        0xa contiki-sky.a(route-discovery)
 .rodata        0x000000000000b388        0xa contiki-sky.a(unicast.o)
 .rodata        0x000000000000b392        0x2 contiki-sky.a(abc.o)
 .rodata        0x000000000000b394        0x6 contiki-sky.a(netflood.o)
 .rodata        0x000000000000b39a       0x14 contiki-sky.a(csma.o)
                0x000000000000b3a0                csma_driver
 .rodata        0x000000000000b3ae        0x2 contiki-sky.a(linkaddr.o)
                0x000000000000b3ae                linkaddr_null
 .rodata        0x000000000000b3b0       0x1c contiki-sky.a(contikimac.o)
                0x000000000000b3bc                contikimac_driver
 .rodata        0x000000000000b3cc        0x8 contiki-sky.a(contikimac-fram)
                0x000000000000b3cc                contikimac_framer
 .rodata        0x000000000000b3d4       0x14 contiki-sky.a(nullsec.o)
                0x000000000000b3dc                nullsec_driver
 .rodata        0x000000000000b3e8       0x10 contiki-sky.a(chameleon-bitop)
                0x000000000000b3e8                chameleon_bitopt
 .rodata        0x000000000000b3f8        0x4 contiki-sky.a(ipolite.o)
 .rodata        0x000000000000b3fc        0x8 contiki-sky.a(framer-802154.o)
                0x000000000000b3fc                framer_802154
 .rodata        0x000000000000b404        0x2 contiki-sky.a(frame802154.o)
 .rodata.vuprintf
                0x000000000000b406        0x7 /home/tkn/.local/contiki-src/mspgcc-4.7.3/bin/../lib/gcc/msp430/4.7.3/../../../../msp430/lib/mmpy-16/libc.a(vuprintf.o)
 *(.near.rodata .near.rodata.*)
                0x000000000000b40e                . = ALIGN (0x2)
                0x000000000000b40e                _etext = .

.data           0x0000000000001100       0xae load address 0x000000000000b40e
                0x0000000000001100                . = ALIGN (0x2)
                0x0000000000001100                __data_start = .
 *(.data .data.* .gnu.linkonce.d.*)
 .data          0x0000000000001100       0x14 tx_node.co
                0x0000000000001100                energy_pt
                0x000000000000110a                tx_pt
 .data          0x0000000000001114       0x18 obj_sky/contiki-sky-main.o
 .data          0x000000000000112c        0x4 contiki-sky.a(contiki-sky-pla)
                0x000000000000112c                sensors
 .data          0x0000000000001130        0xa contiki-sky.a(sensors.o)
                0x0000000000001130                sensors_process
 .data          0x000000000000113a        0xa contiki-sky.a(cc2420.o)
                0x000000000000113a                cc2420_process
 .data          0x0000000000001144        0xa contiki-sky.a(slip.o)
                0x0000000000001144                slip_process
 .data          0x000000000000114e        0x2 contiki-sky.a(msp430.o)
 .data          0x0000000000001150        0xa contiki-sky.a(ctimer.o)
                0x0000000000001150                ctimer_process
 .data          0x000000000000115a        0xa contiki-sky.a(etimer.o)
                0x000000000000115a                etimer_process
 .data          0x0000000000001164        0xa contiki-sky.a(uip-fw-drv.o)
                0x0000000000001164                uip_fw_process
 .data          0x000000000000116e        0xa contiki-sky.a(tcpip.o)
                0x000000000000116e                tcpip_process
 .data          0x0000000000001178        0xa contiki-sky.a(route.o)
 .data          0x0000000000001182       0x18 contiki-sky.a(csma.o)
 .data          0x000000000000119a       0x10 contiki-sky.a(queuebuf.o)
 .data.next     0x00000000000011aa        0x4 /home/tkn/.local/contiki-src/mspgcc-4.7.3/bin/../lib/gcc/msp430/4.7.3/../../../../msp430/lib/mmpy-16/libc.a(rand.o)
 *(.near.data .near.data.*)
                0x00000000000011ae                . = ALIGN (0x2)
                0x00000000000011ae                _edata = .
                0x000000000000b40e                __data_load_start = LOADADDR (.data)
                0x00000000000000ae                __data_size = SIZEOF (.data)

.bss            0x00000000000011ae     0x1650 load address 0x000000000000b4bc
                0x00000000000011ae                __bss_start = .
 *(.bss .bss.*)
 .bss           0x00000000000011ae       0x18 tx_node.co
 .bss           0x00000000000011c6        0xe obj_sky/contiki-sky-main.o
 .bss           0x00000000000011d4        0x8 contiki-sky.a(button-sensor.o)
 .bss           0x00000000000011dc        0x2 contiki-sky.a(node-id.o)
                0x00000000000011dc                node_id
 .bss           0x00000000000011de        0x6 contiki-sky.a(sensors.o)
 .bss           0x00000000000011e4        0x8 contiki-sky.a(cc2420.o)
 .bss           0x00000000000011ec       0x9a contiki-sky.a(uart1.o)
 .bss           0x0000000000001286        0x1 contiki-sky.a(slip_uart1.o)
 *fill*         0x0000000000001287        0x1 00
 .bss           0x0000000000001288       0x88 contiki-sky.a(slip.o)
 .bss           0x0000000000001310        0xa contiki-sky.a(clock.o)
 .bss           0x000000000000131a        0x1 contiki-sky.a(leds.o)
 *fill*         0x000000000000131b        0x1 00
 .bss           0x000000000000131c        0x2 contiki-sky.a(watchdog.o)
 .bss           0x000000000000131e        0x4 contiki-sky.a(ctimer.o)
 .bss           0x0000000000001322        0x6 contiki-sky.a(etimer.o)
 .bss           0x0000000000001328       0x42 contiki-sky.a(process.o)
                0x0000000000001328                process_current
                0x000000000000132a                process_list
 .bss           0x000000000000136a        0x2 contiki-sky.a(rtimer.o)
 .bss           0x000000000000136c      0x1a8 contiki-sky.a(uip-fw.o)
 .bss           0x0000000000001514       0x14 contiki-sky.a(uip.o)
                0x0000000000001514                uip_lladdr
 .bss           0x0000000000001528       0xd2 contiki-sky.a(uip-over-mesh.o)
 .bss           0x00000000000015fa       0x36 contiki-sky.a(tcpip.o)
 .bss           0x0000000000001630        0x2 contiki-sky.a(rime.o)
 .bss           0x0000000000001632       0x46 contiki-sky.a(broadcast-annou)
 .bss           0x0000000000001678        0x1 contiki-sky.a(route-discovery)
 *fill*         0x0000000000001679        0x1 00
 .bss           0x000000000000167a       0x7e contiki-sky.a(route.o)
 .bss           0x00000000000016f8        0x2 contiki-sky.a(channel.o)
 .bss           0x00000000000016fa        0x6 contiki-sky.a(announcement.o)
 .bss           0x0000000000001700      0x128 contiki-sky.a(csma.o)
 .bss           0x0000000000001828      0xc20 contiki-sky.a(queuebuf.o)
 .bss           0x0000000000002448       0xb8 contiki-sky.a(packetbuf.o)
 .bss           0x0000000000002500       0x32 contiki-sky.a(contikimac.o)
 .bss           0x0000000000002532        0x8 contiki-sky.a(compower.o)
 .bss           0x000000000000253a       0x40 contiki-sky.a(mac-sequence.o)
 .bss           0x000000000000257a        0x2 contiki-sky.a(framer-802154.o)
 *(.near.bss .near.bss.*)
 *(COMMON)
 COMMON         0x000000000000257c        0x2 contiki-sky.a(contiki-sky-pla)
                0x000000000000257c                sensors_flags
 COMMON         0x000000000000257e        0x8 contiki-sky.a(ds2411.o)
                0x000000000000257e                ds2411_id
 COMMON         0x0000000000002586        0x1 contiki-sky.a(sensors.o)
                0x0000000000002586                sensors_event
 *fill*         0x0000000000002587        0x1 00
 COMMON         0x0000000000002588       0x10 contiki-sky.a(cc2420.o)
                0x0000000000002588                cc2420_last_rssi
                0x000000000000258a                cc2420_sfd_start_time
                0x000000000000258c                cc2420_time_of_departure
                0x000000000000258e                cc2420_time_of_arrival
                0x0000000000002590                cc2420_last_correlation
                0x0000000000002592                cc2420_authority_level_of_sender
                0x0000000000002594                cc2420_sfd_counter
                0x0000000000002596                cc2420_sfd_end_time
 COMMON         0x0000000000002598        0x1 contiki-sky.a(slip.o)
                0x0000000000002598                slip_active
 *fill*         0x0000000000002599        0x1 00
 COMMON         0x000000000000259a        0x2 contiki-sky.a(msp430.o)
                0x000000000000259a                msp430_dco_required
 COMMON         0x000000000000259c       0x56 contiki-sky.a(energest.o)
                0x000000000000259c                energest_total_time
                0x00000000000025cc                energest_total_count
                0x00000000000025ce                energest_current_mode
                0x00000000000025da                energest_current_time
 COMMON         0x00000000000025f2        0x1 contiki-sky.a(process.o)
                0x00000000000025f2                process_maxevents
 *fill*         0x00000000000025f3        0x1 00
 COMMON         0x00000000000025f4      0x1c2 contiki-sky.a(uip.o)
                0x00000000000025f4                uip_len
                0x00000000000025f6                uip_sappdata
                0x00000000000025f8                uip_acc32
                0x00000000000025fc                uip_aligned_buf
                0x0000000000002668                uip_flags
                0x000000000000266a                uip_udp_conn
                0x000000000000266c                uip_appdata
                0x000000000000266e                uip_conn
                0x0000000000002670                uip_conns
                0x00000000000026f0                uip_listenports
                0x0000000000002700                uip_draddr
                0x0000000000002704                uip_netmask
                0x0000000000002708                uip_hostaddr
                0x000000000000270c                uip_slen
                0x000000000000270e                uip_udp_conns
 COMMON         0x00000000000027b6        0x2 contiki-sky.a(tcpip.o)
                0x00000000000027b6                tcpip_is_forwarding
                0x00000000000027b7                tcpip_event
 COMMON         0x00000000000027b8       0x3c contiki-sky.a(packetbuf.o)
                0x00000000000027b8                packetbuf_addrs
                0x00000000000027c0                packetbuf_attrs
 COMMON         0x00000000000027f4        0x2 contiki-sky.a(linkaddr.o)
                0x00000000000027f4                linkaddr_node_addr
 COMMON         0x00000000000027f6        0x8 contiki-sky.a(compower.o)
                0x00000000000027f6                compower_idle_activity
                0x00000000000027fe                . = ALIGN (0x2)
                0x00000000000027fe                __bss_end = .
                0x0000000000001650                __bss_size = SIZEOF (.bss)

.noinit         0x00000000000027fe        0x2 load address 0x000000000000b4bc
                0x00000000000027fe                . = ALIGN (0x2)
                0x00000000000027fe                __noinit_start = .
 *(.noinit .noinit.*)
 .noinit.crt0   0x00000000000027fe        0x2 /home/tkn/.local/contiki-src/mspgcc-4.7.3/bin/../lib/gcc/msp430/4.7.3/mmpy-16/libcrt0.a(__watchdog_support.o)
                0x00000000000027fe                __wdt_clear_value
                0x0000000000002800                . = ALIGN (0x2)
                0x0000000000002800                __noinit_end = .
                0x0000000000002800                . = ALIGN (0x2)
                0x0000000000002800                _end = .

.infomem        0x0000000000001000        0x0
                0x0000000000001000                . = ALIGN (0x2)
 *(.infomem .infomem.*)

.infomemnobits  0x0000000000001000        0x0
                0x0000000000001000                . = ALIGN (0x2)
 *(.infomemnobits .infomemnobits.*)

.infoa          0x0000000000001080        0x0
                0x0000000000001080                . = ALIGN (0x2)
 *(.infoa .infoa.*)

.infob          0x0000000000001000        0x0
                0x0000000000001000                . = ALIGN (0x2)
 *(.infob .infob.*)

.infoc          0x0000000000000000        0x0
                0x0000000000000000                . = ALIGN (0x2)
 *(.infoc .infoc.*)

.infod          0x0000000000000000        0x0
                0x0000000000000000                . = ALIGN (0x2)
 *(.infod .infod.*)
                0x000000000000ffff                PROVIDE (__vte_0, 0xffff)
                0x000000000000ffff                PROVIDE (__vte_1, 0xffff)
                0x000000000000ffff                PROVIDE (__vte_2, 0xffff)
                0x000000000000ffff                PROVIDE (__vte_3, 0xffff)
                0x000000000000ffff                PROVIDE (__vte_4, 0xffff)
                0x000000000000ffff                PROVIDE (__vte_5, 0xffff)
                0x000000000000ffff                PROVIDE (__vte_6, 0xffff)
                0x000000000000ffff                PROVIDE (__vte_7, 0xffff)
                0x000000000000ffff                PROVIDE (__vte_8, 0xffff)
                0x000000000000ffff                PROVIDE (__vte_9, 0xffff)
                0x000000000000ffff                PROVIDE (__vte_10, 0xffff)
                0x000000000000ffff                PROVIDE (__vte_11, 0xffff)
                0x000000000000ffff                PROVIDE (__vte_12, 0xffff)
                0x000000000000ffff                PROVIDE (__vte_13, 0xffff)
                0x000000000000ffff                PROVIDE (__vte_14, 0xffff)
                0x000000000000ffff                PROVIDE (__vte_15, 0xffff)
                0x000000000000ffff                PROVIDE (__vte_16, 0xffff)
                0x000000000000ffff                PROVIDE (__vte_17, 0xffff)
                0x000000000000ffff                PROVIDE (__vte_18, 0xffff)
                0x000000000000ffff                PROVIDE (__vte_19, 0xffff)
                0x000000000000ffff                PROVIDE (__vte_20, 0xffff)
                0x000000000000ffff                PROVIDE (__vte_21, 0xffff)
                0x000000000000ffff                PROVIDE (__vte_22, 0xffff)
                0x000000000000ffff                PROVIDE (__vte_23, 0xffff)
                0x000000000000ffff                PROVIDE (__vte_24, 0xffff)
                0x000000000000ffff                PROVIDE (__vte_25, 0xffff)
                0x000000000000ffff                PROVIDE (__vte_26, 0xffff)
                0x000000000000ffff                PROVIDE (__vte_27, 0xffff)
                0x000000000000ffff                PROVIDE (__vte_28, 0xffff)
                0x000000000000ffff                PROVIDE (__vte_29, 0xffff)
                0x000000000000ffff                PROVIDE (__vte_30, 0xffff)
                0x000000000000ffff                PROVIDE (__vte_31, 0xffff)

.vectors        0x000000000000ffe0       0x20
                0x000000000000ffe0                __vectors_start = .
 *(.vectors*)
 .vectors       0x000000000000ffe0       0x20 /home/tkn/.local/contiki-src/mspgcc-4.7.3/bin/../lib/gcc/msp430/4.7.3/mmpy-16/crt0ivtbl16.o
                0x000000000000ffe0                __ivtbl_16
                0x0000000000010000                _vectors_end = .

.fartext        0x0000000000000000        0x0
                0x0000000000000000                . = ALIGN (0x2)
 *(.fartext .fartext.*)

.far.text       0x0000000000000000        0x0
                0x0000000000000000                . = ALIGN (0x2)
 *(.far.text .far.text.*)

.far.rodata     0x0000000000000000        0x0
                0x0000000000000000                . = ALIGN (0x2)
 *(.far.rodata .far.rodata.*)
                0x0000000000000000                . = ALIGN (0x2)
                0x0000000000000000                _efartext = .

.far.data       0x0000000000000000        0x0
                0x0000000000000000                . = ALIGN (0x2)
                0x0000000000000000                __far_data_start = .
 *(.far.data .far.data.*)
                0x0000000000000000                . = ALIGN (0x2)
                0x0000000000000000                _efardata = .
                0x0000000000000000                __far_data_load_start = LOADADDR (.far.data)
                0x0000000000000000                __far_data_size = SIZEOF (.far.data)

.far.bss        0x0000000000000000        0x0
                0x0000000000000000                . = ALIGN (0x2)
                0x0000000000000000                __far_bss_start = .
 *(.far.bss .far.bss.*)
                0x0000000000000000                . = ALIGN (0x2)
                0x0000000000000000                __far_bss_end = .
                0x0000000000000000                __far_bss_size = SIZEOF (.far.bss)
                0x0000000000000000                . = ALIGN (0x2)
                0x0000000000000000                _far_end = .

.profiler
 *(.profiler)

.stab           0x0000000000000000    0x2175c
 *(.stab)
 .stab          0x0000000000000000     0x1320 tx_node.co
 .stab          0x0000000000001320     0x105c obj_sky/contiki-sky-main.o
                                       0x195c (size before relaxing)
 .stab          0x000000000000237c      0x288 contiki-sky.a(contiki-sky-pla)
                                        0x5ac (size before relaxing)
 .stab          0x0000000000002604      0x468 contiki-sky.a(button-sensor.o)
                                        0x7d4 (size before relaxing)
 .stab          0x0000000000002a6c      0x624 contiki-sky.a(ds2411.o)
                                        0xb34 (size before relaxing)
 .stab          0x0000000000003090      0xb4c contiki-sky.a(xmem.o)
                                        0xf00 (size before relaxing)
 .stab          0x0000000000003bdc      0x2b8 contiki-sky.a(node-id.o)
                                        0x4e0 (size before relaxing)
 .stab          0x0000000000003e94      0x69c contiki-sky.a(sensors.o)
                                        0xbb8 (size before relaxing)
 .stab          0x0000000000004530     0x22c8 contiki-sky.a(cc2420.o)
                                       0x2c40 (size before relaxing)
 .stab          0x00000000000067f8      0x9cc contiki-sky.a(cc2420-arch.o)
                                       0x13f8 (size before relaxing)
 .stab          0x00000000000071c4      0x600 contiki-sky.a(uart1.o)
                                        0x954 (size before relaxing)
 .stab          0x00000000000077c4      0x330 contiki-sky.a(slip_uart1.o)
                                        0x684 (size before relaxing)
 .stab          0x0000000000007af4      0xb70 contiki-sky.a(slip.o)
                                       0x1308 (size before relaxing)
 .stab          0x0000000000008664      0x72c contiki-sky.a(msp430.o)
                                        0xa80 (size before relaxing)
 .stab          0x0000000000008d90      0x930 contiki-sky.a(clock.o)
                                        0xc84 (size before relaxing)
 .stab          0x00000000000096c0      0x5a0 contiki-sky.a(leds.o)
                                        0x7ec (size before relaxing)
 .stab          0x0000000000009c60      0x378 contiki-sky.a(leds-arch.o)
                                        0x6cc (size before relaxing)
 .stab          0x0000000000009fd8      0x3cc contiki-sky.a(watchdog.o)
                                        0x720 (size before relaxing)
 .stab          0x000000000000a3a4      0x3b4 contiki-sky.a(rtimer-arch.o)
                                        0x708 (size before relaxing)
 .stab          0x000000000000a758      0x294 contiki-sky.a(autostart.o)
                                        0x534 (size before relaxing)
 .stab          0x000000000000a9ec      0x78c contiki-sky.a(ctimer.o)
                                        0xaf8 (size before relaxing)
 .stab          0x000000000000b178      0x474 contiki-sky.a(energest.o)
                                        0x6fc (size before relaxing)
 .stab          0x000000000000b5ec      0x9fc contiki-sky.a(etimer.o)
                                        0xccc (size before relaxing)
 .stab          0x000000000000bfe8      0xb70 contiki-sky.a(process.o)
                                       0x1008 (size before relaxing)
 .stab          0x000000000000cb58      0x3cc contiki-sky.a(rtimer.o)
                                        0x6b4 (size before relaxing)
 .stab          0x000000000000cf24      0x348 contiki-sky.a(timer.o)
                                        0x588 (size before relaxing)
 .stab          0x000000000000d26c      0x7bc contiki-sky.a(list.o)
                                        0x7c8 (size before relaxing)
 .stab          0x000000000000da28      0x240 contiki-sky.a(random.o)
                                        0x618 (size before relaxing)
 .stab          0x000000000000dc68      0x960 contiki-sky.a(uip-fw.o)
                                       0x10d4 (size before relaxing)
 .stab          0x000000000000e5c8      0x2dc contiki-sky.a(uip-fw-drv.o)
                                        0xa38 (size before relaxing)
 .stab          0x000000000000e8a4     0x240c contiki-sky.a(uip.o)
                                       0x2b74 (size before relaxing)
 .stab          0x0000000000010cb0      0xb88 contiki-sky.a(uip-over-mesh.o)
                                       0x180c (size before relaxing)
 .stab          0x0000000000011838     0x1044 contiki-sky.a(tcpip.o)
                                       0x1ea8 (size before relaxing)
 .stab          0x000000000001287c      0xcb4 contiki-sky.a(rime.o)
                                       0x13f8 (size before relaxing)
 .stab          0x0000000000013530      0x948 contiki-sky.a(broadcast-annou)
                                       0x15c0 (size before relaxing)
 .stab          0x0000000000013e78      0x7c8 contiki-sky.a(trickle.o)
                                       0x1074 (size before relaxing)
 .stab          0x0000000000014640      0x6cc contiki-sky.a(broadcast.o)
                                       0x1500 (size before relaxing)
 .stab          0x0000000000014d0c      0xa08 contiki-sky.a(route-discovery)
                                       0x16b0 (size before relaxing)
 .stab          0x0000000000015714      0x9e4 contiki-sky.a(route.o)
                                        0xedc (size before relaxing)
 .stab          0x00000000000160f8      0x5dc contiki-sky.a(chameleon.o)
                                       0x1230 (size before relaxing)
 .stab          0x00000000000166d4      0x600 contiki-sky.a(channel.o)
                                       0x1278 (size before relaxing)
 .stab          0x0000000000016cd4      0x618 contiki-sky.a(unicast.o)
                                       0x1290 (size before relaxing)
 .stab          0x00000000000172ec      0x660 contiki-sky.a(abc.o)
                                       0x1494 (size before relaxing)
 .stab          0x000000000001794c      0x750 contiki-sky.a(netflood.o)
                                       0x1014 (size before relaxing)
 .stab          0x000000000001809c      0x6b4 contiki-sky.a(announcement.o)
                                        0x954 (size before relaxing)
 .stab          0x0000000000018750      0xdec contiki-sky.a(csma.o)
                                       0x159c (size before relaxing)
 .stab          0x000000000001953c      0xa38 contiki-sky.a(queuebuf.o)
                                       0x186c (size before relaxing)
 .stab          0x0000000000019f74      0xd74 contiki-sky.a(packetbuf.o)
                                       0x1bc0 (size before relaxing)
 .stab          0x000000000001ace8      0x2ac contiki-sky.a(linkaddr.o)
                                        0x6a8 (size before relaxing)
 .stab          0x000000000001af94     0x17ac contiki-sky.a(contikimac.o)
                                       0x23b8 (size before relaxing)
 .stab          0x000000000001c740      0x6d8 contiki-sky.a(contikimac-fram)
                                        0xf18 (size before relaxing)
 .stab          0x000000000001ce18      0x684 contiki-sky.a(nullsec.o)
                                        0xd80 (size before relaxing)
 .stab          0x000000000001d49c      0x1f8 contiki-sky.a(spi.o)
                                        0x420 (size before relaxing)
 .stab          0x000000000001d694      0x300 contiki-sky.a(uip-ipchksum.o)
                                        0xa50 (size before relaxing)
 .stab          0x000000000001d994      0x4ec contiki-sky.a(compower.o)
                                        0xcf0 (size before relaxing)
 .stab          0x000000000001de80      0x5c4 contiki-sky.a(memb.o)
                                        0xaf8 (size before relaxing)
 .stab          0x000000000001e444      0xd44 contiki-sky.a(chameleon-bitop)
                                       0x19bc (size before relaxing)
 .stab          0x000000000001f188      0x8b8 contiki-sky.a(ipolite.o)
                                       0x153c (size before relaxing)
 .stab          0x000000000001fa40      0x600 contiki-sky.a(mac-sequence.o)
                                       0x144c (size before relaxing)
 .stab          0x0000000000020040      0x918 contiki-sky.a(framer-802154.o)
                                        0xf54 (size before relaxing)
 .stab          0x0000000000020958      0x8f4 contiki-sky.a(frame802154.o)
                                       0x10c8 (size before relaxing)
 .stab          0x000000000002124c      0x1f8 contiki-sky.a(mac.o)
                                        0x4ec (size before relaxing)
 .stab          0x0000000000021444      0x318 contiki-sky.a(framer.o)
                                        0xc54 (size before relaxing)

.stabstr        0x0000000000000000    0x195a8
 *(.stabstr)
 .stabstr       0x0000000000000000    0x195a8 tx_node.co

.stab.excl
 *(.stab.excl)

.stab.exclstr
 *(.stab.exclstr)

.stab.index
 *(.stab.index)

.stab.indexstr
 *(.stab.indexstr)

.comment        0x0000000000000000       0x30
 *(.comment)
 .comment       0x0000000000000000       0x30 tx_node.co
                                         0x31 (size before relaxing)
 .comment       0x0000000000000000       0x31 obj_sky/contiki-sky-main.o
 .comment       0x0000000000000000       0x31 contiki-sky.a(contiki-sky-pla)
 .comment       0x0000000000000000       0x31 contiki-sky.a(button-sensor.o)
 .comment       0x0000000000000000       0x31 contiki-sky.a(ds2411.o)
 .comment       0x0000000000000000       0x31 contiki-sky.a(xmem.o)
 .comment       0x0000000000000000       0x31 contiki-sky.a(node-id.o)
 .comment       0x0000000000000000       0x31 contiki-sky.a(sensors.o)
 .comment       0x0000000000000000       0x31 contiki-sky.a(cc2420.o)
 .comment       0x0000000000000000       0x31 contiki-sky.a(cc2420-arch.o)
 .comment       0x0000000000000000       0x31 contiki-sky.a(uart1.o)
 .comment       0x0000000000000000       0x31 contiki-sky.a(slip_uart1.o)
 .comment       0x0000000000000000       0x31 contiki-sky.a(slip.o)
 .comment       0x0000000000000000       0x31 contiki-sky.a(msp430.o)
 .comment       0x0000000000000000       0x31 contiki-sky.a(clock.o)
 .comment       0x0000000000000000       0x31 contiki-sky.a(leds.o)
 .comment       0x0000000000000000       0x31 contiki-sky.a(leds-arch.o)
 .comment       0x0000000000000000       0x31 contiki-sky.a(watchdog.o)
 .comment       0x0000000000000000       0x31 contiki-sky.a(rtimer-arch.o)
 .comment       0x0000000000000000       0x31 contiki-sky.a(autostart.o)
 .comment       0x0000000000000000       0x31 contiki-sky.a(ctimer.o)
 .comment       0x0000000000000000       0x31 contiki-sky.a(energest.o)
 .comment       0x0000000000000000       0x31 contiki-sky.a(etimer.o)
 .comment       0x0000000000000000       0x31 contiki-sky.a(process.o)
 .comment       0x0000000000000000       0x31 contiki-sky.a(rtimer.o)
 .comment       0x0000000000000000       0x31 contiki-sky.a(timer.o)
 .comment       0x0000000000000000       0x31 contiki-sky.a(list.o)
 .comment       0x0000000000000000       0x31 contiki-sky.a(random.o)
 .comment       0x0000000000000000       0x31 contiki-sky.a(uip-fw.o)